============================= test session starts ==============================
platform darwin -- Python 3.13.9, pytest-9.1.1, pluggy-1.6.0
rootdir: /Users/maxghenis/.subfleet/worktrees/20261006-181318-hub-resume-sol-9621
configfile: pyproject.toml
plugins: hypothesis-6.168.5, platformdirs-4.12.3, anyio-4.15.1
collected 10 items

policyengine_us/tests/policy/baseline/gov/states/wi/tax/income/wi_standard_deduction.yaml ...F......

=================================== FAILURES ===================================
_________________________________ test session _________________________________
/Users/maxghenis/.subfleet/worktrees/20261006-181318-hub-resume-sol-9621/policyengine_us/tests/policy/baseline/gov/states/wi/tax/income/wi_standard_deduction.yaml:
  Test 'WI standard deduction unit test 4':
    wi_standard_deduction@2022: [6664.2] differs from 6664.22021484375 with an absolute margin [0.02001953] > 0.01
=============================== warnings summary ===============================
../20261006-083854-hub-fix-9621/.venv/lib/python3.13/site-packages/_pytest/config/__init__.py:1345
  /Users/maxghenis/.subfleet/worktrees/20261006-083854-hub-fix-9621/.venv/lib/python3.13/site-packages/_pytest/config/__init__.py:1345: PytestAssertRewriteWarning: Module already imported so cannot be rewritten; anyio
    self._mark_plugins_for_rewrite(hook, disable_autoload)

-- Docs: https://docs.pytest.org/en/stable/how-to/capture-warnings.html
=========================== short test summary info ============================
FAILED policyengine_us/tests/policy/baseline/gov/states/wi/tax/income/wi_standard_deduction.yaml::
=================== 1 failed, 9 passed, 1 warning in 16.61s ====================
