============================= test session starts ==============================
platform darwin -- Python 3.14.4, pytest-8.4.2, pluggy-1.6.0
rootdir: /Users/maxghenis/.subfleet/worktrees/20261007-055849-hub-resume-sol2-9406
configfile: pyproject.toml
plugins: anyio-4.12.1
collected 1 item

.work/ancestor_regression.yaml F

=================================== FAILURES ===================================
_________________________________ test session _________________________________
/Users/maxghenis/.subfleet/worktrees/20261007-055849-hub-resume-sol2-9406/.work/ancestor_regression.yaml:
  Test 'A grandparent inferred as the teen parent's tax spouse is not a stepparent':
    medicaid_household_size@2026: [2. 2. 3.] differs from [2. 2. 2.] with an absolute margin [0. 0. 1.] > 0.001
=============================== warnings summary ===============================
../../../PolicyEngine/_worktrees/policyengine-us-parent-ids/.venv/lib/python3.14/site-packages/_pytest/config/__init__.py:1290
  /Users/maxghenis/PolicyEngine/_worktrees/policyengine-us-parent-ids/.venv/lib/python3.14/site-packages/_pytest/config/__init__.py:1290: PytestAssertRewriteWarning: Module already imported so cannot be rewritten; anyio
    self._mark_plugins_for_rewrite(hook, disable_autoload)

-- Docs: https://docs.pytest.org/en/stable/how-to/capture-warnings.html
=========================== short test summary info ============================
FAILED .work/ancestor_regression.yaml::
======================== 1 failed, 1 warning in 31.98s =========================
