============================= test session starts ==============================
platform darwin -- Python 3.13.9, pytest-9.1.1, pluggy-1.6.0
rootdir: /Users/maxghenis/.subfleet/worktrees/20261007-055850-hub-resume-sol2-163d
configfile: pyproject.toml
plugins: hypothesis-6.168.3, anyio-4.15.1
collected 2 items

policyengine_us/tests/policy/baseline/gov/states/ca/tax/income/deductions/itemized/ca_itemized_deductions_pre_limitation.yaml Computation log:
  ca_itemized_deductions_pre_limitation<2026, (default)> = [10000.]
    CA<2026, (default)> = [ True]
      state_code_str<2026, (default)> = ['CA']
        state_code<2026, (default)> = ['CA']
    itemized_deductions_less_salt<2026, (default)> = [0.]
      charitable_deduction<2026, (default)> = [0.]
        charitable_cash_donations<2026, (default)> = [0.]
        charitable_non_cash_donations<2026, (default)> = [0.]
        charitable_non_cash_donations_non_50_pct_orgs<2026, (default)> = [0.]
        positive_agi<2026, (default)> = [0.]
          adjusted_gross_income<2026, (default)> = [0.]
            irs_gross_income<2026, (default)> = [0.]
              is_tax_unit_dependent<2026, (default)> = [False]
                is_tax_unit_head<2026, (default)> = [ True]
                  is_child<2026, (default)> = [False]
                    age<2026, (default)> = [40.]
                  age<2026, (default)> = [40.]
                is_tax_unit_spouse<2026, (default)> = [False]
                  is_separated<2026, (default)> = [False]
                  is_child<2026, (default)> = [False]
                  is_tax_unit_head<2026, (default)> = [ True]
                  age<2026, (default)> = [40.]
              irs_employment_income<2026, (default)> = [0.]
                employment_income<2026, (default)> = [0.]
                  employment_income_before_lsr<2026, (default)> = [0.]
                  employment_income_behavioral_response<2026, (default)> = [0.]
                    labor_supply_behavioral_response<2026, (default)> = [0.]
                    employment_income_before_lsr<2026, (default)> = [0.]
                    employment_income_before_lsr<2026, (default)> = [0.]
                    self_employment_income_before_lsr<2026, (default)> = [0.]
                    sstb_self_employment_income_before_lsr<2026, (default)> = [0.]
                pre_tax_contributions<2026, (default)> = [0.]
                  traditional_401k_contributions<2026, (default)> = [0.]
                    traditional_401k_contributions_desired<2026, (default)> = [0.]
                    elective_deferral_contribution_scale<2026, (default)> = [1.]
                      traditional_401k_contributions_desired<2026, (default)> = [0.]
                      roth_401k_contributions_desired<2026, (default)> = [0.]
                      traditional_403b_contributions_desired<2026, (default)> = [0.]
                      roth_403b_contributions_desired<2026, (default)> = [0.]
                      elective_deferral_limit<2026, (default)> = [24500.]
                        k401_catch_up_limit<2026, (default)> = [0.]
                          k401_catch_up_eligible<2026, (default)> = [False]
                            age<2026, (default)> = [40.]
                  traditional_403b_contributions<2026, (default)> = [0.]
                    traditional_403b_contributions_desired<2026, (default)> = [0.]
                    elective_deferral_contribution_scale<2026, (default)> = [1.]
                  pre_tax_health_insurance_premiums<2026, (default)> = [0.]
                  health_savings_account_payroll_contributions<2026, (default)> = [0.]
              self_employment_income<2026, (default)> = [0.]
                self_employment_income_before_lsr<2026, (default)> = [0.]
                self_employment_income_behavioral_response<2026, (default)> = [0.]
                  labor_supply_behavioral_response<2026, (default)> = [0.]
                  employment_income_behavioral_response<2026, (default)> = [0.]
                  self_employment_income_before_lsr<2026, (default)> = [0.]
                  sstb_self_employment_income_before_lsr<2026, (default)> = [0.]
              sstb_self_employment_income<2026, (default)> = [0.]
                sstb_self_employment_income_before_lsr<2026, (default)> = [0.]
                sstb_self_employment_income_behavioral_response<2026, (default)> = [0.]
                  labor_supply_behavioral_response<2026, (default)> = [0.]
                  employment_income_behavioral_response<2026, (default)> = [0.]
                  self_employment_income_before_lsr<2026, (default)> = [0.]
                  sstb_self_employment_income_before_lsr<2026, (default)> = [0.]
              partnership_s_corp_income<2026, (default)> = [0.]
                partnership_income<2026, (default)> = [0.]
                s_corp_income<2026, (default)> = [0.]
              farm_operations_income<2026, (default)> = [0.]
              farm_rent_income<2026, (default)> = [0.]
              other_net_gain_gross_income<2026, (default)> = [0.]
                is_tax_unit_head<2026, (default)> = [ True]
                is_tax_unit_spouse<2026, (default)> = [False]
                other_net_gain<2026, (default)> = [0.]
              capital_gains<2026, (default)> = [0.]
                short_term_capital_gains<2026, (default)> = [0.]
                long_term_capital_gains<2026, (default)> = [0.]
                  long_term_capital_gains_before_response<2026, (default)> = [0.]
                  capital_gains_behavioral_response<2026, (default)> = [0.]
              non_sch_d_capital_gains<2026, (default)> = [0.]
              taxable_interest_income<2026, (default)> = [0.]
              rental_income<2026, (default)> = [0.]
              dividend_income<2026, (default)> = [0.]
                ordinary_dividend_income<2026, (default)> = [0.]
                  qualified_dividend_income<2026, (default)> = [0.]
                  non_qualified_dividend_income<2026, (default)> = [0.]
              taxable_pension_income<2026, (default)> = [0.]
                taxable_public_pension_income<2026, (default)> = [0.]
                taxable_private_pension_income<2026, (default)> = [0.]
              debt_relief<2026, (default)> = [0.]
              estate_income<2026, (default)> = [0.]
              taxable_unemployment_compensation<2026, (default)> = [0.]
                tax_unit_taxable_unemployment_compensation<2026, (default)> = [0.]
                  tax_unit_unemployment_compensation<2026, (default)> = [0.]
                    unemployment_compensation<2026, (default)> = [0.]
                  taxable_uc_agi<2026, (default)> = [0.]
                    is_tax_unit_dependent<2026, (default)> = [False]
                    irs_employment_income<2026, (default)> = [0.]
                    self_employment_income<2026, (default)> = [0.]
                    sstb_self_employment_income<2026, (default)> = [0.]
                    partnership_s_corp_income<2026, (default)> = [0.]
                    farm_operations_income<2026, (default)> = [0.]
                    farm_rent_income<2026, (default)> = [0.]
                    other_net_gain_gross_income<2026, (default)> = [0.]
                    capital_gains<2026, (default)> = [0.]
                    non_sch_d_capital_gains<2026, (default)> = [0.]
                    taxable_interest_income<2026, (default)> = [0.]
                    rental_income<2026, (default)> = [0.]
                    dividend_income<2026, (default)> = [0.]
                    taxable_pension_income<2026, (default)> = [0.]
                    debt_relief<2026, (default)> = [0.]
                    estate_income<2026, (default)> = [0.]
                    taxable_social_security<2026, (default)> = [0.]
                      tax_unit_taxable_social_security<2026, (default)> = [0.]
                        tax_unit_social_security_for_taxability<2026, (default)> = [0.]
                          tax_unit_social_security<2026, (default)> = [0.]
                            social_security<2026, (default)> = [0.]
                              social_security_dependents<2026, (default)> = [0.]
                              social_security_disability<2026, (default)> = [0.]
                              social_security_retirement<2026, (default)> = [0.]
                              social_security_survivors<2026, (default)> = [0.]
                          is_tax_unit_dependent<2026, (default)> = [False]
                          social_security<2026, (default)> = [0.]
                        tax_unit_combined_income_for_social_security_taxability<2026, (default)> = [0.]
                          tax_unit_social_security_for_taxability<2026, (default)> = [0.]
                          taxable_ss_magi<2026, (default)> = [0.]
                            is_tax_unit_dependent<2026, (default)> = [False]
                            irs_employment_income<2026, (default)> = [0.]
                            self_employment_income<2026, (default)> = [0.]
                            sstb_self_employment_income<2026, (default)> = [0.]
                            partnership_s_corp_income<2026, (default)> = [0.]
                            farm_operations_income<2026, (default)> = [0.]
                            farm_rent_income<2026, (default)> = [0.]
                            other_net_gain_gross_income<2026, (default)> = [0.]
                            capital_gains<2026, (default)> = [0.]
                            non_sch_d_capital_gains<2026, (default)> = [0.]
                            taxable_interest_income<2026, (default)> = [0.]
                            rental_income<2026, (default)> = [0.]
                            dividend_income<2026, (default)> = [0.]
                            taxable_pension_income<2026, (default)> = [0.]
                            debt_relief<2026, (default)> = [0.]
                            estate_income<2026, (default)> = [0.]
                            illicit_income<2026, (default)> = [0.]
                            taxable_retirement_distributions<2026, (default)> = [0.]
                              taxable_ira_distributions<2026, (default)> = [0.]
                              taxable_401k_distributions<2026, (default)> = [0.]
                              taxable_sep_distributions<2026, (default)> = [0.]
                              taxable_403b_distributions<2026, (default)> = [0.]
                              keogh_distributions<2026, (default)> = [0.]
                            taxable_roth_conversions<2026, (default)> = [0.]
                            miscellaneous_income<2026, (default)> = [0.]
                            ak_permanent_fund_dividend<2026, (default)> = [0.]
                              AK<2026, (default)> = [False]
                                state_code_str<2026, (default)> = ['CA']
                            taxable_alimony_income<2026, (default)> = [0.]
                              alimony_income<2026, (default)> = [0.]
                              divorce_year<2026, (default)> = [2010]
                            salt_refund_income<2026, (default)> = [0.]
                            unemployment_compensation<2026, (default)> = [0.]
                            tax_exempt_interest_income<2026, (default)> = [0.]
                            loss_ald<2026, (default)> = [0.]
                              filing_status<2026, (default)> = ['SINGLE']
                                is_tax_unit_head_or_spouse<2026, (default)> = [ True]
                                  is_tax_unit_head<2026, (default)> = [ True]
                                  is_tax_unit_spouse<2026, (default)> = [False]
                                is_separated<2026, (default)> = [False]
                                tax_unit_married<2026, (default)> = [False]
                                  is_tax_unit_spouse<2026, (default)> = [False]
                                surviving_spouse_eligible<2026, (default)> = [False]
                                  is_tax_unit_head<2026, (default)> = [ True]
                                  is_surviving_spouse<2026, (default)> = [False]
                                  tax_unit_child_dependents<2026, (default)> = [0]
                                    is_child_dependent<2026, (default)> = [False]
                                      is_tax_unit_dependent<2026, (default)> = [False]
                                  tax_unit_married<2026, (default)> = [False]
                                head_of_household_eligible<2026, (default)> = [False]
                                  tax_unit_married<2026, (default)> = [False]
                                  is_tax_unit_head_or_spouse<2026, (default)> = [ True]
                                  is_separated<2026, (default)> = [False]
                                  is_qualifying_child_dependent<2026, (default)> = [False]
                                    is_tax_unit_dependent<2026, (default)> = [False]
                                  is_permanently_and_totally_disabled<2026, (default)> = [False]
                                  is_tax_unit_dependent<2026, (default)> = [False]
                                  is_qualifying_relative_dependent<2026, (default)> = [False]
                                    is_tax_unit_dependent<2026, (default)> = [False]
                                    is_qualifying_child_dependent<2026, (default)> = [False]
                                    is_permanently_and_totally_disabled<2026, (default)> = [False]
                                    dependent_gross_income<2026, (default)> = [0.]
                                      irs_employment_income<2026, (default)> = [0.]
                                      self_employment_income<2026, (default)> = [0.]
                                      sstb_self_employment_income<2026, (default)> = [0.]
                                      partnership_s_corp_income<2026, (default)> = [0.]
                                      farm_operations_income<2026, (default)> = [0.]
                                      farm_rent_income<2026, (default)> = [0.]
                                      other_net_gain_gross_income<2026, (default)> = [0.]
                                      non_sch_d_capital_gains<2026, (default)> = [0.]
                                      taxable_interest_income<2026, (default)> = [0.]
                                      rental_income<2026, (default)> = [0.]
                                      dividend_income<2026, (default)> = [0.]
                                      taxable_pension_income<2026, (default)> = [0.]
                                      debt_relief<2026, (default)> = [0.]
                                      estate_income<2026, (default)> = [0.]
                                      unemployment_compensation<2026, (default)> = [0.]
                                      illicit_income<2026, (default)> = [0.]
                                      taxable_retirement_distributions<2026, (default)> = [0.]
                                      taxable_roth_conversions<2026, (default)> = [0.]
                                      miscellaneous_income<2026, (default)> = [0.]
                                      ak_permanent_fund_dividend<2026, (default)> = [0.]
                                      taxable_alimony_income<2026, (default)> = [0.]
                                      salt_refund_income<2026, (default)> = [0.]
                                      long_term_capital_gains<2026, (default)> = [0.]
                                      short_term_capital_gains<2026, (default)> = [0.]
                                      capital_gains<2026, (default)> = [0.]
                                      dependent_taxable_social_security<2026, (default)> = [0.]
                                        is_tax_unit_dependent<2026, (default)> = [False]
                                      is_tax_unit_head_or_spouse<2026, (default)> = [ True]
                                  is_related_to_head_or_spouse<2026, (default)> = [ True]
                                  surviving_spouse_eligible<2026, (default)> = [False]
                              is_tax_unit_dependent<2026, (default)> = [False]
                              total_self_employment_income<2026, (default)> = [0.]
                                self_employment_income<2026, (default)> = [0.]
                                sstb_self_employment_income<2026, (default)> = [0.]
                              total_self_employment_income<2026, (default)> = [0.]
                              farm_operations_income<2026, (default)> = [0.]
                              farm_operations_income<2026, (default)> = [0.]
                              rental_income<2026, (default)> = [0.]
                              rental_income<2026, (default)> = [0.]
                              farm_rent_income<2026, (default)> = [0.]
                              farm_rent_income<2026, (default)> = [0.]
                              estate_income<2026, (default)> = [0.]
                              estate_income<2026, (default)> = [0.]
                              partnership_s_corp_income<2026, (default)> = [0.]
                              partnership_s_corp_income<2026, (default)> = [0.]
                              other_net_gain<2026, (default)> = [0.]
                              capital_losses_allowed_against_gains<2026, (default)> = [0.]
                                is_tax_unit_dependent<2026, (default)> = [False]
                                capital_gains<2026, (default)> = [0.]
                                non_sch_d_capital_gains<2026, (default)> = [0.]
                                capital_losses<2026, (default)> = [0.]
                                  capital_gains<2026, (default)> = [0.]
                                is_tax_unit_dependent<2026, (default)> = [False]
                              limited_capital_loss<2026, (default)> = [0.]
                                filing_status<2026, (default)> = ['SINGLE']
                                capital_losses<2026, (default)> = [0.]
                                is_tax_unit_dependent<2026, (default)> = [False]
                                capital_losses_allowed_against_gains<2026, (default)> = [0.]
                            self_employment_tax_ald<2026, (default)> = [0.]
                              self_employment_tax_ald_person<2026, (default)> = [0.]
                                self_employment_tax<2026, (default)> = [0.]
                                  self_employment_social_security_tax<2026, (default)> = [0.]
                                    social_security_taxable_self_employment_income<2026, (default)> = [0.]
                                      taxable_earnings_for_social_security<2026, (default)> = [0.]
                                        payroll_tax_gross_wages<2026, (default)> = [0.]
                                          employment_income<2026, (default)> = [0.]
                                          fica_pre_tax_contributions<2026, (default)> = [0.]
                                            pre_tax_health_insurance_premiums<2026, (default)> = [0.]
                                            health_savings_account_payroll_contributions<2026, (default)> = [0.]
                                      taxable_self_employment_income<2026, (default)> = [0.]
                                        self_employment_income<2026, (default)> = [0.]
                                        sstb_self_employment_income<2026, (default)> = [0.]
                                        farm_operations_income<2026, (default)> = [0.]
                                        partnership_self_employment_net_earnings<2026, (default)> = [0.]
                                  self_employment_medicare_tax<2026, (default)> = [0.]
                                    taxable_self_employment_income<2026, (default)> = [0.]
                              is_tax_unit_dependent<2026, (default)> = [False]
                            early_withdrawal_penalty<2026, (default)> = [0.]
                            is_tax_unit_dependent<2026, (default)> = [False]
                            alimony_expense_ald<2026, (default)> = [0.]
                              alimony_expense_ald_person<2026, (default)> = [0.]
                                divorce_year<2026, (default)> = [2010]
                                alimony_expense<2026, (default)> = [0.]
                              is_tax_unit_dependent<2026, (default)> = [False]
                            educator_expense_ald<2026, (default)> = [0.]
                              educator_expense_ald_person<2026, (default)> = [0.]
                                educator_expense<2026, (default)> = [0.]
                              is_tax_unit_dependent<2026, (default)> = [False]
                            health_savings_account_ald<2026, (default)> = [0.]
                            self_employed_health_insurance_ald<2026, (default)> = [0.]
                              self_employed_health_insurance_ald_person<2026, (default)> = [0.]
                                total_self_employment_income<2026, (default)> = [0.]
                                self_employed_health_insurance_premiums<2026, (default)> = [0.]
                                  is_self_employed<2026, (default)> = [False]
                              is_tax_unit_dependent<2026, (default)> = [False]
                            self_employed_pension_contribution_ald<2026, (default)> = [0.]
                              self_employed_pension_contribution_ald_person<2026, (default)> = [0.]
                                total_self_employment_income<2026, (default)> = [0.]
                                self_employed_pension_contributions<2026, (default)> = [0.]
                                  self_employed_pension_contributions_desired<2026, (default)> = [0.]
                                  self_employed_pension_contribution_limit<2026, (default)> = [0.]
                                    total_self_employment_income<2026, (default)> = [0.]
                              is_tax_unit_dependent<2026, (default)> = [False]
                            traditional_ira_contributions<2026, (default)> = [0.]
                              traditional_ira_contributions_desired<2026, (default)> = [0.]
                              ira_contribution_scale<2026, (default)> = [1.]
                                traditional_ira_contributions_desired<2026, (default)> = [0.]
                                roth_ira_contributions_desired<2026, (default)> = [0.]
                                ira_contribution_limit<2026, (default)> = [7000.]
                                  age<2026, (default)> = [40.]
                            is_tax_unit_dependent<2026, (default)> = [False]
                        filing_status<2026, (default)> = ['SINGLE']
                        cohabitating_spouses<2026, (default)> = [False]
                        tax_unit_ss_combined_income_excess<2026, (default)> = [0.]
                          tax_unit_combined_income_for_social_security_taxability<2026, (default)> = [0.]
                          filing_status<2026, (default)> = ['SINGLE']
                          cohabitating_spouses<2026, (default)> = [False]
                      social_security<2026, (default)> = [0.]
                      tax_unit_social_security_for_taxability<2026, (default)> = [0.]
                      is_tax_unit_spouse<2026, (default)> = [False]
                      is_tax_unit_head<2026, (default)> = [ True]
                    illicit_income<2026, (default)> = [0.]
                    taxable_retirement_distributions<2026, (default)> = [0.]
                    taxable_roth_conversions<2026, (default)> = [0.]
                    miscellaneous_income<2026, (default)> = [0.]
                    ak_permanent_fund_dividend<2026, (default)> = [0.]
                    taxable_alimony_income<2026, (default)> = [0.]
                    salt_refund_income<2026, (default)> = [0.]
                    loss_ald<2026, (default)> = [0.]
                    self_employment_tax_ald<2026, (default)> = [0.]
                    student_loan_interest_ald<2026, (default)> = [0.]
                      student_loan_interest_ald_eligible<2026, (default)> = [ True]
                        is_tax_unit_head_or_spouse<2026, (default)> = [ True]
                        filing_status<2026, (default)> = ['SINGLE']
                      student_loan_interest<2026, (default)> = [0.]
                      filing_status<2026, (default)> = ['SINGLE']
                      student_loan_interest_ald_eligible<2026, (default)> = [ True]
                      student_loan_interest_ald_magi<2026, (default)> = [0.]
                        student_loan_interest_ald_eligible<2026, (default)> = [ True]
                        is_tax_unit_dependent<2026, (default)> = [False]
                        irs_employment_income<2026, (default)> = [0.]
                        self_employment_income<2026, (default)> = [0.]
                        sstb_self_employment_income<2026, (default)> = [0.]
                        partnership_s_corp_income<2026, (default)> = [0.]
                        farm_operations_income<2026, (default)> = [0.]
                        farm_rent_income<2026, (default)> = [0.]
                        other_net_gain_gross_income<2026, (default)> = [0.]
                        capital_gains<2026, (default)> = [0.]
                        non_sch_d_capital_gains<2026, (default)> = [0.]
                        taxable_interest_income<2026, (default)> = [0.]
                        rental_income<2026, (default)> = [0.]
                        dividend_income<2026, (default)> = [0.]
                        taxable_pension_income<2026, (default)> = [0.]
                        debt_relief<2026, (default)> = [0.]
                        estate_income<2026, (default)> = [0.]
                        taxable_social_security<2026, (default)> = [0.]
                        illicit_income<2026, (default)> = [0.]
                        taxable_retirement_distributions<2026, (default)> = [0.]
                        taxable_roth_conversions<2026, (default)> = [0.]
                        miscellaneous_income<2026, (default)> = [0.]
                        ak_permanent_fund_dividend<2026, (default)> = [0.]
                        taxable_alimony_income<2026, (default)> = [0.]
                        salt_refund_income<2026, (default)> = [0.]
                        self_employment_tax_ald_person<2026, (default)> = [0.]
                        self_employed_health_insurance_ald_person<2026, (default)> = [0.]
                        self_employed_pension_contribution_ald_person<2026, (default)> = [0.]
                        alimony_expense_ald<2026, (default)> = [0.]
                        early_withdrawal_penalty<2026, (default)> = [0.]
                        is_tax_unit_dependent<2026, (default)> = [False]
                        educator_expense_ald<2026, (default)> = [0.]
                        health_savings_account_ald<2026, (default)> = [0.]
                        loss_ald<2026, (default)> = [0.]
                        qualified_adoption_assistance_expense<2026, (default)> = [0.]
                        specified_possession_income<2026, (default)> = [0.]
                        traditional_ira_contributions<2026, (default)> = [0.]
                        is_tax_unit_dependent<2026, (default)> = [False]
                        us_bonds_for_higher_ed<2026, (default)> = [0.]
                        filing_status<2026, (default)> = ['SINGLE']
                    is_tax_unit_dependent<2026, (default)> = [False]
                    early_withdrawal_penalty<2026, (default)> = [0.]
                    is_tax_unit_dependent<2026, (default)> = [False]
                    alimony_expense_ald<2026, (default)> = [0.]
                    educator_expense_ald<2026, (default)> = [0.]
                    health_savings_account_ald<2026, (default)> = [0.]
                    self_employed_health_insurance_ald<2026, (default)> = [0.]
                    self_employed_pension_contribution_ald<2026, (default)> = [0.]
                    traditional_ira_contributions<2026, (default)> = [0.]
                    is_tax_unit_dependent<2026, (default)> = [False]
                    qualified_adoption_assistance_expense<2026, (default)> = [0.]
                    us_bonds_for_higher_ed<2026, (default)> = [0.]
                    specified_possession_income<2026, (default)> = [0.]
                    puerto_rico_income<2026, (default)> = [0.]
                  filing_status<2026, (default)> = ['SINGLE']
                unemployment_compensation<2026, (default)> = [0.]
              taxable_social_security<2026, (default)> = [0.]
              illicit_income<2026, (default)> = [0.]
              taxable_retirement_distributions<2026, (default)> = [0.]
              taxable_roth_conversions<2026, (default)> = [0.]
              miscellaneous_income<2026, (default)> = [0.]
              ak_permanent_fund_dividend<2026, (default)> = [0.]
              taxable_alimony_income<2026, (default)> = [0.]
              salt_refund_income<2026, (default)> = [0.]
            above_the_line_deductions<2026, (default)> = [0.]
              loss_ald<2026, (default)> = [0.]
              self_employment_tax_ald<2026, (default)> = [0.]
              student_loan_interest_ald<2026, (default)> = [0.]
              is_tax_unit_dependent<2026, (default)> = [False]
              early_withdrawal_penalty<2026, (default)> = [0.]
              is_tax_unit_dependent<2026, (default)> = [False]
              alimony_expense_ald<2026, (default)> = [0.]
              educator_expense_ald<2026, (default)> = [0.]
              health_savings_account_ald<2026, (default)> = [0.]
              self_employed_health_insurance_ald<2026, (default)> = [0.]
              self_employed_pension_contribution_ald<2026, (default)> = [0.]
              traditional_ira_contributions<2026, (default)> = [0.]
              is_tax_unit_dependent<2026, (default)> = [False]
              qualified_adoption_assistance_expense<2026, (default)> = [0.]
              us_bonds_for_higher_ed<2026, (default)> = [0.]
              specified_possession_income<2026, (default)> = [0.]
              puerto_rico_income<2026, (default)> = [0.]
      interest_deduction<2026, (default)> = [0.]
        deductible_interest_expense<2026, (default)> = [10000.]
          deductible_mortgage_interest<2026, (default)> = [0.]
            deductible_mortgage_interest_tax_unit<2026, (default)> = [0.]
              first_home_mortgage_balance<2026, (default)> = [0.]
              second_home_mortgage_balance<2026, (default)> = [0.]
              first_home_mortgage_origination_year<2026, (default)> = [0]
              second_home_mortgage_origination_year<2026, (default)> = [0]
              home_mortgage_interest_tax_unit<2026, (default)> = [0.]
                home_mortgage_interest<2026, (default)> = [0.]
                first_home_mortgage_interest<2026, (default)> = [0.]
                second_home_mortgage_interest<2026, (default)> = [0.]
              filing_status<2026, (default)> = ['SINGLE']
            home_mortgage_interest_share<2026, (default)> = [1.]
              is_tax_unit_head_or_spouse<2026, (default)> = [ True]
              home_mortgage_interest<2026, (default)> = [0.]
          non_mortgage_interest<2026, (default)> = [10000.]
            investment_interest_expense<2026, (default)> = [10000.]
        investment_interest_expense<2026, (default)> = [10000.]
        investment_interest_expense_deduction<2026, (default)> = [0.]
          form_4952_total_investment_interest_expense<2026, (default)> = [10000.]
            investment_interest_expense<2026, (default)> = [10000.]
            is_tax_unit_dependent<2026, (default)> = [False]
            form_4952_disallowed_investment_interest_expense_prior_year<2026, (default)> = [0.]
          form_4952_net_investment_income<2026, (default)> = [0.]
            form_4952_investment_income<2026, (default)> = [0.]
              form_4952_gross_investment_income<2026, (default)> = [0.]
                taxable_interest_income<2026, (default)> = [0.]
                is_tax_unit_dependent<2026, (default)> = [False]
                ordinary_dividend_income<2026, (default)> = [0.]
                is_tax_unit_dependent<2026, (default)> = [False]
              form_4952_qualified_dividends<2026, (default)> = [0.]
                qualified_dividend_income<2026, (default)> = [0.]
                is_tax_unit_dependent<2026, (default)> = [False]
              form_4952_net_investment_gain<2026, (default)> = [0.]
                long_term_capital_gains<2026, (default)> = [0.]
                is_tax_unit_dependent<2026, (default)> = [False]
                short_term_capital_gains<2026, (default)> = [0.]
                is_tax_unit_dependent<2026, (default)> = [False]
                form_4952_capital_gain_distributions<2026, (default)> = [0.]
                  is_tax_unit_dependent<2026, (default)> = [False]
                  non_sch_d_capital_gains<2026, (default)> = [0.]
              form_4952_net_capital_gain<2026, (default)> = [0.]
                form_4952_net_investment_gain<2026, (default)> = [0.]
                long_term_capital_gains<2026, (default)> = [0.]
                is_tax_unit_dependent<2026, (default)> = [False]
                form_4952_capital_gain_distributions<2026, (default)> = [0.]
                short_term_capital_gains<2026, (default)> = [0.]
                is_tax_unit_dependent<2026, (default)> = [False]
              form_4952_elected_investment_income<2026, (default)> = [0.]
                investment_income_elected_form_4952<2026, (default)> = [0.]
                is_tax_unit_dependent<2026, (default)> = [False]
                form_4952_qualified_dividends<2026, (default)> = [0.]
                form_4952_net_capital_gain<2026, (default)> = [0.]
            form_4952_investment_expenses<2026, (default)> = [0.]
      medical_expense_deduction<2026, (default)> = [0.]
        itemized_medical_expenses<2026, (default)> = [0.]
          medical_expense_health_insurance_premiums<2026, (default)> = [0.]
            health_insurance_premiums<2026, (default)> = [0.]
            health_insurance_premiums_without_medicare_part_b<2026, (default)> = [0.]
            medicare_enrolled<2026, (default)> = [False]
              is_medicare_eligible<2026, (default)> = [False]
                age<2026, (default)> = [40.]
                social_security_disability<2026, (default)> = [0.]
                months_receiving_social_security_disability<2026, (default)> = [0]
            medicare_part_b_premium<2026, (default)> = [0.]
              medicare_enrolled<2026, (default)> = [False]
          other_medical_expenses<2026, (default)> = [0.]
        positive_agi<2026, (default)> = [0.]
      casualty_loss_deduction<2026, (default)> = [0.]
        casualty_loss<2026, (default)> = [0.]
        positive_agi<2026, (default)> = [0.]
      misc_deduction<2026, (default)> = [0.]
    ca_investment_interest_expense_deduction<2026, (default)> = [10000.]
      CA<2026, (default)> = [ True]
      investment_interest_expense<2026, (default)> = [10000.]
      investment_expenses<2026, (default)> = [0.]
    real_estate_taxes<2026, (default)> = [0.]
    investment_interest_expense_deduction<2026, (default)> = [0.]
.Computation log:
  ca_itemized_deductions_pre_limitation<2026, (default)> = [13000.]
    CA<2026, (default)> = [ True]
      state_code_str<2026, (default)> = ['CA']
        state_code<2026, (default)> = ['CA']
    itemized_deductions_less_salt<2026, (default)> = [0.]
      charitable_deduction<2026, (default)> = [0.]
        charitable_cash_donations<2026, (default)> = [0.]
        charitable_non_cash_donations<2026, (default)> = [0.]
        charitable_non_cash_donations_non_50_pct_orgs<2026, (default)> = [0.]
        positive_agi<2026, (default)> = [0.]
          adjusted_gross_income<2026, (default)> = [0.]
            irs_gross_income<2026, (default)> = [0.]
              is_tax_unit_dependent<2026, (default)> = [False]
                is_tax_unit_head<2026, (default)> = [ True]
                  is_child<2026, (default)> = [False]
                    age<2026, (default)> = [40.]
                  age<2026, (default)> = [40.]
                is_tax_unit_spouse<2026, (default)> = [False]
                  is_separated<2026, (default)> = [False]
                  is_child<2026, (default)> = [False]
                  is_tax_unit_head<2026, (default)> = [ True]
                  age<2026, (default)> = [40.]
              irs_employment_income<2026, (default)> = [0.]
                employment_income<2026, (default)> = [0.]
                  employment_income_before_lsr<2026, (default)> = [0.]
                  employment_income_behavioral_response<2026, (default)> = [0.]
                    labor_supply_behavioral_response<2026, (default)> = [0.]
                    employment_income_before_lsr<2026, (default)> = [0.]
                    employment_income_before_lsr<2026, (default)> = [0.]
                    self_employment_income_before_lsr<2026, (default)> = [0.]
                    sstb_self_employment_income_before_lsr<2026, (default)> = [0.]
                pre_tax_contributions<2026, (default)> = [0.]
                  traditional_401k_contributions<2026, (default)> = [0.]
                    traditional_401k_contributions_desired<2026, (default)> = [0.]
                    elective_deferral_contribution_scale<2026, (default)> = [1.]
                      traditional_401k_contributions_desired<2026, (default)> = [0.]
                      roth_401k_contributions_desired<2026, (default)> = [0.]
                      traditional_403b_contributions_desired<2026, (default)> = [0.]
                      roth_403b_contributions_desired<2026, (default)> = [0.]
                      elective_deferral_limit<2026, (default)> = [24500.]
                        k401_catch_up_limit<2026, (default)> = [0.]
                          k401_catch_up_eligible<2026, (default)> = [False]
                            age<2026, (default)> = [40.]
                  traditional_403b_contributions<2026, (default)> = [0.]
                    traditional_403b_contributions_desired<2026, (default)> = [0.]
                    elective_deferral_contribution_scale<2026, (default)> = [1.]
                  pre_tax_health_insurance_premiums<2026, (default)> = [0.]
                  health_savings_account_payroll_contributions<2026, (default)> = [0.]
              self_employment_income<2026, (default)> = [0.]
                self_employment_income_before_lsr<2026, (default)> = [0.]
                self_employment_income_behavioral_response<2026, (default)> = [0.]
                  labor_supply_behavioral_response<2026, (default)> = [0.]
                  employment_income_behavioral_response<2026, (default)> = [0.]
                  self_employment_income_before_lsr<2026, (default)> = [0.]
                  sstb_self_employment_income_before_lsr<2026, (default)> = [0.]
              sstb_self_employment_income<2026, (default)> = [0.]
                sstb_self_employment_income_before_lsr<2026, (default)> = [0.]
                sstb_self_employment_income_behavioral_response<2026, (default)> = [0.]
                  labor_supply_behavioral_response<2026, (default)> = [0.]
                  employment_income_behavioral_response<2026, (default)> = [0.]
                  self_employment_income_before_lsr<2026, (default)> = [0.]
                  sstb_self_employment_income_before_lsr<2026, (default)> = [0.]
              partnership_s_corp_income<2026, (default)> = [0.]
                partnership_income<2026, (default)> = [0.]
                s_corp_income<2026, (default)> = [0.]
              farm_operations_income<2026, (default)> = [0.]
              farm_rent_income<2026, (default)> = [0.]
              other_net_gain_gross_income<2026, (default)> = [0.]
                is_tax_unit_head<2026, (default)> = [ True]
                is_tax_unit_spouse<2026, (default)> = [False]
                other_net_gain<2026, (default)> = [0.]
              capital_gains<2026, (default)> = [0.]
                short_term_capital_gains<2026, (default)> = [0.]
                long_term_capital_gains<2026, (default)> = [0.]
                  long_term_capital_gains_before_response<2026, (default)> = [0.]
                  capital_gains_behavioral_response<2026, (default)> = [0.]
              non_sch_d_capital_gains<2026, (default)> = [0.]
              taxable_interest_income<2026, (default)> = [0.]
              rental_income<2026, (default)> = [0.]
              dividend_income<2026, (default)> = [0.]
                ordinary_dividend_income<2026, (default)> = [0.]
                  qualified_dividend_income<2026, (default)> = [0.]
                  non_qualified_dividend_income<2026, (default)> = [0.]
              taxable_pension_income<2026, (default)> = [0.]
                taxable_public_pension_income<2026, (default)> = [0.]
                taxable_private_pension_income<2026, (default)> = [0.]
              debt_relief<2026, (default)> = [0.]
              estate_income<2026, (default)> = [0.]
              taxable_unemployment_compensation<2026, (default)> = [0.]
                tax_unit_taxable_unemployment_compensation<2026, (default)> = [0.]
                  tax_unit_unemployment_compensation<2026, (default)> = [0.]
                    unemployment_compensation<2026, (default)> = [0.]
                  taxable_uc_agi<2026, (default)> = [0.]
                    is_tax_unit_dependent<2026, (default)> = [False]
                    irs_employment_income<2026, (default)> = [0.]
                    self_employment_income<2026, (default)> = [0.]
                    sstb_self_employment_income<2026, (default)> = [0.]
                    partnership_s_corp_income<2026, (default)> = [0.]
                    farm_operations_income<2026, (default)> = [0.]
                    farm_rent_income<2026, (default)> = [0.]
                    other_net_gain_gross_income<2026, (default)> = [0.]
                    capital_gains<2026, (default)> = [0.]
                    non_sch_d_capital_gains<2026, (default)> = [0.]
                    taxable_interest_income<2026, (default)> = [0.]
                    rental_income<2026, (default)> = [0.]
                    dividend_income<2026, (default)> = [0.]
                    taxable_pension_income<2026, (default)> = [0.]
                    debt_relief<2026, (default)> = [0.]
                    estate_income<2026, (default)> = [0.]
                    taxable_social_security<2026, (default)> = [0.]
                      tax_unit_taxable_social_security<2026, (default)> = [0.]
                        tax_unit_social_security_for_taxability<2026, (default)> = [0.]
                          tax_unit_social_security<2026, (default)> = [0.]
                            social_security<2026, (default)> = [0.]
                              social_security_dependents<2026, (default)> = [0.]
                              social_security_disability<2026, (default)> = [0.]
                              social_security_retirement<2026, (default)> = [0.]
                              social_security_survivors<2026, (default)> = [0.]
                          is_tax_unit_dependent<2026, (default)> = [False]
                          social_security<2026, (default)> = [0.]
                        tax_unit_combined_income_for_social_security_taxability<2026, (default)> = [0.]
                          tax_unit_social_security_for_taxability<2026, (default)> = [0.]
                          taxable_ss_magi<2026, (default)> = [0.]
                            is_tax_unit_dependent<2026, (default)> = [False]
                            irs_employment_income<2026, (default)> = [0.]
                            self_employment_income<2026, (default)> = [0.]
                            sstb_self_employment_income<2026, (default)> = [0.]
                            partnership_s_corp_income<2026, (default)> = [0.]
                            farm_operations_income<2026, (default)> = [0.]
                            farm_rent_income<2026, (default)> = [0.]
                            other_net_gain_gross_income<2026, (default)> = [0.]
                            capital_gains<2026, (default)> = [0.]
                            non_sch_d_capital_gains<2026, (default)> = [0.]
                            taxable_interest_income<2026, (default)> = [0.]
                            rental_income<2026, (default)> = [0.]
                            dividend_income<2026, (default)> = [0.]
                            taxable_pension_income<2026, (default)> = [0.]
                            debt_relief<2026, (default)> = [0.]
                            estate_income<2026, (default)> = [0.]
                            illicit_income<2026, (default)> = [0.]
                            taxable_retirement_distributions<2026, (default)> = [0.]
                              taxable_ira_distributions<2026, (default)> = [0.]
                              taxable_401k_distributions<2026, (default)> = [0.]
                              taxable_sep_distributions<2026, (default)> = [0.]
                              taxable_403b_distributions<2026, (default)> = [0.]
                              keogh_distributions<2026, (default)> = [0.]
                            taxable_roth_conversions<2026, (default)> = [0.]
                            miscellaneous_income<2026, (default)> = [0.]
                            ak_permanent_fund_dividend<2026, (default)> = [0.]
                              AK<2026, (default)> = [False]
                                state_code_str<2026, (default)> = ['CA']
                            taxable_alimony_income<2026, (default)> = [0.]
                              alimony_income<2026, (default)> = [0.]
                              divorce_year<2026, (default)> = [2010]
                            salt_refund_income<2026, (default)> = [0.]
                            unemployment_compensation<2026, (default)> = [0.]
                            tax_exempt_interest_income<2026, (default)> = [0.]
                            loss_ald<2026, (default)> = [0.]
                              filing_status<2026, (default)> = ['SINGLE']
                                is_tax_unit_head_or_spouse<2026, (default)> = [ True]
                                  is_tax_unit_head<2026, (default)> = [ True]
                                  is_tax_unit_spouse<2026, (default)> = [False]
                                is_separated<2026, (default)> = [False]
                                tax_unit_married<2026, (default)> = [False]
                                  is_tax_unit_spouse<2026, (default)> = [False]
                                surviving_spouse_eligible<2026, (default)> = [False]
                                  is_tax_unit_head<2026, (default)> = [ True]
                                  is_surviving_spouse<2026, (default)> = [False]
                                  tax_unit_child_dependents<2026, (default)> = [0]
                                    is_child_dependent<2026, (default)> = [False]
                                      is_tax_unit_dependent<2026, (default)> = [False]
                                  tax_unit_married<2026, (default)> = [False]
                                head_of_household_eligible<2026, (default)> = [False]
                                  tax_unit_married<2026, (default)> = [False]
                                  is_tax_unit_head_or_spouse<2026, (default)> = [ True]
                                  is_separated<2026, (default)> = [False]
                                  is_qualifying_child_dependent<2026, (default)> = [False]
                                    is_tax_unit_dependent<2026, (default)> = [False]
                                  is_permanently_and_totally_disabled<2026, (default)> = [False]
                                  is_tax_unit_dependent<2026, (default)> = [False]
                                  is_qualifying_relative_dependent<2026, (default)> = [False]
                                    is_tax_unit_dependent<2026, (default)> = [False]
                                    is_qualifying_child_dependent<2026, (default)> = [False]
                                    is_permanently_and_totally_disabled<2026, (default)> = [False]
                                    dependent_gross_income<2026, (default)> = [0.]
                                      irs_employment_income<2026, (default)> = [0.]
                                      self_employment_income<2026, (default)> = [0.]
                                      sstb_self_employment_income<2026, (default)> = [0.]
                                      partnership_s_corp_income<2026, (default)> = [0.]
                                      farm_operations_income<2026, (default)> = [0.]
                                      farm_rent_income<2026, (default)> = [0.]
                                      other_net_gain_gross_income<2026, (default)> = [0.]
                                      non_sch_d_capital_gains<2026, (default)> = [0.]
                                      taxable_interest_income<2026, (default)> = [0.]
                                      rental_income<2026, (default)> = [0.]
                                      dividend_income<2026, (default)> = [0.]
                                      taxable_pension_income<2026, (default)> = [0.]
                                      debt_relief<2026, (default)> = [0.]
                                      estate_income<2026, (default)> = [0.]
                                      unemployment_compensation<2026, (default)> = [0.]
                                      illicit_income<2026, (default)> = [0.]
                                      taxable_retirement_distributions<2026, (default)> = [0.]
                                      taxable_roth_conversions<2026, (default)> = [0.]
                                      miscellaneous_income<2026, (default)> = [0.]
                                      ak_permanent_fund_dividend<2026, (default)> = [0.]
                                      taxable_alimony_income<2026, (default)> = [0.]
                                      salt_refund_income<2026, (default)> = [0.]
                                      long_term_capital_gains<2026, (default)> = [0.]
                                      short_term_capital_gains<2026, (default)> = [0.]
                                      capital_gains<2026, (default)> = [0.]
                                      dependent_taxable_social_security<2026, (default)> = [0.]
                                        is_tax_unit_dependent<2026, (default)> = [False]
                                      is_tax_unit_head_or_spouse<2026, (default)> = [ True]
                                  is_related_to_head_or_spouse<2026, (default)> = [ True]
                                  surviving_spouse_eligible<2026, (default)> = [False]
                              is_tax_unit_dependent<2026, (default)> = [False]
                              total_self_employment_income<2026, (default)> = [0.]
                                self_employment_income<2026, (default)> = [0.]
                                sstb_self_employment_income<2026, (default)> = [0.]
                              total_self_employment_income<2026, (default)> = [0.]
                              farm_operations_income<2026, (default)> = [0.]
                              farm_operations_income<2026, (default)> = [0.]
                              rental_income<2026, (default)> = [0.]
                              rental_income<2026, (default)> = [0.]
                              farm_rent_income<2026, (default)> = [0.]
                              farm_rent_income<2026, (default)> = [0.]
                              estate_income<2026, (default)> = [0.]
                              estate_income<2026, (default)> = [0.]
                              partnership_s_corp_income<2026, (default)> = [0.]
                              partnership_s_corp_income<2026, (default)> = [0.]
                              other_net_gain<2026, (default)> = [0.]
                              capital_losses_allowed_against_gains<2026, (default)> = [0.]
                                is_tax_unit_dependent<2026, (default)> = [False]
                                capital_gains<2026, (default)> = [0.]
                                non_sch_d_capital_gains<2026, (default)> = [0.]
                                capital_losses<2026, (default)> = [0.]
                                  capital_gains<2026, (default)> = [0.]
                                is_tax_unit_dependent<2026, (default)> = [False]
                              limited_capital_loss<2026, (default)> = [0.]
                                filing_status<2026, (default)> = ['SINGLE']
                                capital_losses<2026, (default)> = [0.]
                                is_tax_unit_dependent<2026, (default)> = [False]
                                capital_losses_allowed_against_gains<2026, (default)> = [0.]
                            self_employment_tax_ald<2026, (default)> = [0.]
                              self_employment_tax_ald_person<2026, (default)> = [0.]
                                self_employment_tax<2026, (default)> = [0.]
                                  self_employment_social_security_tax<2026, (default)> = [0.]
                                    social_security_taxable_self_employment_income<2026, (default)> = [0.]
                                      taxable_earnings_for_social_security<2026, (default)> = [0.]
                                        payroll_tax_gross_wages<2026, (default)> = [0.]
                                          employment_income<2026, (default)> = [0.]
                                          fica_pre_tax_contributions<2026, (default)> = [0.]
                                            pre_tax_health_insurance_premiums<2026, (default)> = [0.]
                                            health_savings_account_payroll_contributions<2026, (default)> = [0.]
                                      taxable_self_employment_income<2026, (default)> = [0.]
                                        self_employment_income<2026, (default)> = [0.]
                                        sstb_self_employment_income<2026, (default)> = [0.]
                                        farm_operations_income<2026, (default)> = [0.]
                                        partnership_self_employment_net_earnings<2026, (default)> = [0.]
                                  self_employment_medicare_tax<2026, (default)> = [0.]
                                    taxable_self_employment_income<2026, (default)> = [0.]
                              is_tax_unit_dependent<2026, (default)> = [False]
                            early_withdrawal_penalty<2026, (default)> = [0.]
                            is_tax_unit_dependent<2026, (default)> = [False]
                            alimony_expense_ald<2026, (default)> = [0.]
                              alimony_expense_ald_person<2026, (default)> = [0.]
                                divorce_year<2026, (default)> = [2010]
                                alimony_expense<2026, (default)> = [0.]
                              is_tax_unit_dependent<2026, (default)> = [False]
                            educator_expense_ald<2026, (default)> = [0.]
                              educator_expense_ald_person<2026, (default)> = [0.]
                                educator_expense<2026, (default)> = [0.]
                              is_tax_unit_dependent<2026, (default)> = [False]
                            health_savings_account_ald<2026, (default)> = [0.]
                            self_employed_health_insurance_ald<2026, (default)> = [0.]
                              self_employed_health_insurance_ald_person<2026, (default)> = [0.]
                                total_self_employment_income<2026, (default)> = [0.]
                                self_employed_health_insurance_premiums<2026, (default)> = [0.]
                                  is_self_employed<2026, (default)> = [False]
                              is_tax_unit_dependent<2026, (default)> = [False]
                            self_employed_pension_contribution_ald<2026, (default)> = [0.]
                              self_employed_pension_contribution_ald_person<2026, (default)> = [0.]
                                total_self_employment_income<2026, (default)> = [0.]
                                self_employed_pension_contributions<2026, (default)> = [0.]
                                  self_employed_pension_contributions_desired<2026, (default)> = [0.]
                                  self_employed_pension_contribution_limit<2026, (default)> = [0.]
                                    total_self_employment_income<2026, (default)> = [0.]
                              is_tax_unit_dependent<2026, (default)> = [False]
                            traditional_ira_contributions<2026, (default)> = [0.]
                              traditional_ira_contributions_desired<2026, (default)> = [0.]
                              ira_contribution_scale<2026, (default)> = [1.]
                                traditional_ira_contributions_desired<2026, (default)> = [0.]
                                roth_ira_contributions_desired<2026, (default)> = [0.]
                                ira_contribution_limit<2026, (default)> = [7000.]
                                  age<2026, (default)> = [40.]
                            is_tax_unit_dependent<2026, (default)> = [False]
                        filing_status<2026, (default)> = ['SINGLE']
                        cohabitating_spouses<2026, (default)> = [False]
                        tax_unit_ss_combined_income_excess<2026, (default)> = [0.]
                          tax_unit_combined_income_for_social_security_taxability<2026, (default)> = [0.]
                          filing_status<2026, (default)> = ['SINGLE']
                          cohabitating_spouses<2026, (default)> = [False]
                      social_security<2026, (default)> = [0.]
                      tax_unit_social_security_for_taxability<2026, (default)> = [0.]
                      is_tax_unit_spouse<2026, (default)> = [False]
                      is_tax_unit_head<2026, (default)> = [ True]
                    illicit_income<2026, (default)> = [0.]
                    taxable_retirement_distributions<2026, (default)> = [0.]
                    taxable_roth_conversions<2026, (default)> = [0.]
                    miscellaneous_income<2026, (default)> = [0.]
                    ak_permanent_fund_dividend<2026, (default)> = [0.]
                    taxable_alimony_income<2026, (default)> = [0.]
                    salt_refund_income<2026, (default)> = [0.]
                    loss_ald<2026, (default)> = [0.]
                    self_employment_tax_ald<2026, (default)> = [0.]
                    student_loan_interest_ald<2026, (default)> = [0.]
                      student_loan_interest_ald_eligible<2026, (default)> = [ True]
                        is_tax_unit_head_or_spouse<2026, (default)> = [ True]
                        filing_status<2026, (default)> = ['SINGLE']
                      student_loan_interest<2026, (default)> = [0.]
                      filing_status<2026, (default)> = ['SINGLE']
                      student_loan_interest_ald_eligible<2026, (default)> = [ True]
                      student_loan_interest_ald_magi<2026, (default)> = [0.]
                        student_loan_interest_ald_eligible<2026, (default)> = [ True]
                        is_tax_unit_dependent<2026, (default)> = [False]
                        irs_employment_income<2026, (default)> = [0.]
                        self_employment_income<2026, (default)> = [0.]
                        sstb_self_employment_income<2026, (default)> = [0.]
                        partnership_s_corp_income<2026, (default)> = [0.]
                        farm_operations_income<2026, (default)> = [0.]
                        farm_rent_income<2026, (default)> = [0.]
                        other_net_gain_gross_income<2026, (default)> = [0.]
                        capital_gains<2026, (default)> = [0.]
                        non_sch_d_capital_gains<2026, (default)> = [0.]
                        taxable_interest_income<2026, (default)> = [0.]
                        rental_income<2026, (default)> = [0.]
                        dividend_income<2026, (default)> = [0.]
                        taxable_pension_income<2026, (default)> = [0.]
                        debt_relief<2026, (default)> = [0.]
                        estate_income<2026, (default)> = [0.]
                        taxable_social_security<2026, (default)> = [0.]
                        illicit_income<2026, (default)> = [0.]
                        taxable_retirement_distributions<2026, (default)> = [0.]
                        taxable_roth_conversions<2026, (default)> = [0.]
                        miscellaneous_income<2026, (default)> = [0.]
                        ak_permanent_fund_dividend<2026, (default)> = [0.]
                        taxable_alimony_income<2026, (default)> = [0.]
                        salt_refund_income<2026, (default)> = [0.]
                        self_employment_tax_ald_person<2026, (default)> = [0.]
                        self_employed_health_insurance_ald_person<2026, (default)> = [0.]
                        self_employed_pension_contribution_ald_person<2026, (default)> = [0.]
                        alimony_expense_ald<2026, (default)> = [0.]
                        early_withdrawal_penalty<2026, (default)> = [0.]
                        is_tax_unit_dependent<2026, (default)> = [False]
                        educator_expense_ald<2026, (default)> = [0.]
                        health_savings_account_ald<2026, (default)> = [0.]
                        loss_ald<2026, (default)> = [0.]
                        qualified_adoption_assistance_expense<2026, (default)> = [0.]
                        specified_possession_income<2026, (default)> = [0.]
                        traditional_ira_contributions<2026, (default)> = [0.]
                        is_tax_unit_dependent<2026, (default)> = [False]
                        us_bonds_for_higher_ed<2026, (default)> = [0.]
                        filing_status<2026, (default)> = ['SINGLE']
                    is_tax_unit_dependent<2026, (default)> = [False]
                    early_withdrawal_penalty<2026, (default)> = [0.]
                    is_tax_unit_dependent<2026, (default)> = [False]
                    alimony_expense_ald<2026, (default)> = [0.]
                    educator_expense_ald<2026, (default)> = [0.]
                    health_savings_account_ald<2026, (default)> = [0.]
                    self_employed_health_insurance_ald<2026, (default)> = [0.]
                    self_employed_pension_contribution_ald<2026, (default)> = [0.]
                    traditional_ira_contributions<2026, (default)> = [0.]
                    is_tax_unit_dependent<2026, (default)> = [False]
                    qualified_adoption_assistance_expense<2026, (default)> = [0.]
                    us_bonds_for_higher_ed<2026, (default)> = [0.]
                    specified_possession_income<2026, (default)> = [0.]
                    puerto_rico_income<2026, (default)> = [0.]
                  filing_status<2026, (default)> = ['SINGLE']
                unemployment_compensation<2026, (default)> = [0.]
              taxable_social_security<2026, (default)> = [0.]
              illicit_income<2026, (default)> = [0.]
              taxable_retirement_distributions<2026, (default)> = [0.]
              taxable_roth_conversions<2026, (default)> = [0.]
              miscellaneous_income<2026, (default)> = [0.]
              ak_permanent_fund_dividend<2026, (default)> = [0.]
              taxable_alimony_income<2026, (default)> = [0.]
              salt_refund_income<2026, (default)> = [0.]
            above_the_line_deductions<2026, (default)> = [0.]
              loss_ald<2026, (default)> = [0.]
              self_employment_tax_ald<2026, (default)> = [0.]
              student_loan_interest_ald<2026, (default)> = [0.]
              is_tax_unit_dependent<2026, (default)> = [False]
              early_withdrawal_penalty<2026, (default)> = [0.]
              is_tax_unit_dependent<2026, (default)> = [False]
              alimony_expense_ald<2026, (default)> = [0.]
              educator_expense_ald<2026, (default)> = [0.]
              health_savings_account_ald<2026, (default)> = [0.]
              self_employed_health_insurance_ald<2026, (default)> = [0.]
              self_employed_pension_contribution_ald<2026, (default)> = [0.]
              traditional_ira_contributions<2026, (default)> = [0.]
              is_tax_unit_dependent<2026, (default)> = [False]
              qualified_adoption_assistance_expense<2026, (default)> = [0.]
              us_bonds_for_higher_ed<2026, (default)> = [0.]
              specified_possession_income<2026, (default)> = [0.]
              puerto_rico_income<2026, (default)> = [0.]
      interest_deduction<2026, (default)> = [0.]
        deductible_interest_expense<2026, (default)> = [10000.]
          deductible_mortgage_interest<2026, (default)> = [0.]
            deductible_mortgage_interest_tax_unit<2026, (default)> = [0.]
              first_home_mortgage_balance<2026, (default)> = [0.]
              second_home_mortgage_balance<2026, (default)> = [0.]
              first_home_mortgage_origination_year<2026, (default)> = [0]
              second_home_mortgage_origination_year<2026, (default)> = [0]
              home_mortgage_interest_tax_unit<2026, (default)> = [0.]
                home_mortgage_interest<2026, (default)> = [0.]
                first_home_mortgage_interest<2026, (default)> = [0.]
                second_home_mortgage_interest<2026, (default)> = [0.]
              filing_status<2026, (default)> = ['SINGLE']
            home_mortgage_interest_share<2026, (default)> = [1.]
              is_tax_unit_head_or_spouse<2026, (default)> = [ True]
              home_mortgage_interest<2026, (default)> = [0.]
          non_mortgage_interest<2026, (default)> = [10000.]
            investment_interest_expense<2026, (default)> = [10000.]
        investment_interest_expense<2026, (default)> = [10000.]
        investment_interest_expense_deduction<2026, (default)> = [0.]
          form_4952_total_investment_interest_expense<2026, (default)> = [10000.]
            investment_interest_expense<2026, (default)> = [10000.]
            is_tax_unit_dependent<2026, (default)> = [False]
            form_4952_disallowed_investment_interest_expense_prior_year<2026, (default)> = [0.]
          form_4952_net_investment_income<2026, (default)> = [0.]
            form_4952_investment_income<2026, (default)> = [0.]
              form_4952_gross_investment_income<2026, (default)> = [0.]
                taxable_interest_income<2026, (default)> = [0.]
                is_tax_unit_dependent<2026, (default)> = [False]
                ordinary_dividend_income<2026, (default)> = [0.]
                is_tax_unit_dependent<2026, (default)> = [False]
              form_4952_qualified_dividends<2026, (default)> = [0.]
                qualified_dividend_income<2026, (default)> = [0.]
                is_tax_unit_dependent<2026, (default)> = [False]
              form_4952_net_investment_gain<2026, (default)> = [0.]
                long_term_capital_gains<2026, (default)> = [0.]
                is_tax_unit_dependent<2026, (default)> = [False]
                short_term_capital_gains<2026, (default)> = [0.]
                is_tax_unit_dependent<2026, (default)> = [False]
                form_4952_capital_gain_distributions<2026, (default)> = [0.]
                  is_tax_unit_dependent<2026, (default)> = [False]
                  non_sch_d_capital_gains<2026, (default)> = [0.]
              form_4952_net_capital_gain<2026, (default)> = [0.]
                form_4952_net_investment_gain<2026, (default)> = [0.]
                long_term_capital_gains<2026, (default)> = [0.]
                is_tax_unit_dependent<2026, (default)> = [False]
                form_4952_capital_gain_distributions<2026, (default)> = [0.]
                short_term_capital_gains<2026, (default)> = [0.]
                is_tax_unit_dependent<2026, (default)> = [False]
              form_4952_elected_investment_income<2026, (default)> = [0.]
                investment_income_elected_form_4952<2026, (default)> = [0.]
                is_tax_unit_dependent<2026, (default)> = [False]
                form_4952_qualified_dividends<2026, (default)> = [0.]
                form_4952_net_capital_gain<2026, (default)> = [0.]
            form_4952_investment_expenses<2026, (default)> = [0.]
      medical_expense_deduction<2026, (default)> = [0.]
        itemized_medical_expenses<2026, (default)> = [0.]
          medical_expense_health_insurance_premiums<2026, (default)> = [0.]
            health_insurance_premiums<2026, (default)> = [0.]
            health_insurance_premiums_without_medicare_part_b<2026, (default)> = [0.]
            medicare_enrolled<2026, (default)> = [False]
              is_medicare_eligible<2026, (default)> = [False]
                age<2026, (default)> = [40.]
                social_security_disability<2026, (default)> = [0.]
                months_receiving_social_security_disability<2026, (default)> = [0]
            medicare_part_b_premium<2026, (default)> = [0.]
              medicare_enrolled<2026, (default)> = [False]
          other_medical_expenses<2026, (default)> = [0.]
        positive_agi<2026, (default)> = [0.]
      casualty_loss_deduction<2026, (default)> = [0.]
        casualty_loss<2026, (default)> = [0.]
        positive_agi<2026, (default)> = [0.]
      misc_deduction<2026, (default)> = [0.]
    ca_investment_interest_expense_deduction<2026, (default)> = [8000.]
      CA<2026, (default)> = [ True]
      investment_interest_expense<2026, (default)> = [10000.]
      investment_expenses<2026, (default)> = [2000.]
    real_estate_taxes<2026, (default)> = [5000.]
    investment_interest_expense_deduction<2026, (default)> = [0.]
.

=============================== warnings summary ===============================
../../../PolicyEngine/_worktrees/pe-us-backlog/main/.venv/lib/python3.13/site-packages/_pytest/config/__init__.py:1345
  /Users/maxghenis/PolicyEngine/_worktrees/pe-us-backlog/main/.venv/lib/python3.13/site-packages/_pytest/config/__init__.py:1345: PytestAssertRewriteWarning: Module already imported so cannot be rewritten; anyio
    self._mark_plugins_for_rewrite(hook, disable_autoload)

-- Docs: https://docs.pytest.org/en/stable/how-to/capture-warnings.html
========================= 2 passed, 1 warning in 9.30s =========================
LOCAL_RESOURCE wall_seconds=223.11 max_rss_bytes=1565343744 user_seconds=22.62 sys_seconds=2.94
