============================= test session starts ==============================
platform darwin -- Python 3.13.9, pytest-9.1.1, pluggy-1.6.0
rootdir: /Users/maxghenis/.subfleet/worktrees/20261007-055850-hub-resume-sol2-163d
configfile: pyproject.toml
plugins: hypothesis-6.168.3, anyio-4.15.1
collected 2 items

policyengine_us/tests/policy/baseline/gov/states/mt/tax/income/deductions/itemized/mt_investment_interest_allocation.yaml Computation log:
  form_4952_total_investment_interest_expense<2023, (default)> = [1200.    0. 1200.]
    investment_interest_expense<2023, (default)> = [ 300.  900.    0.    0.    0. 1200.]
    is_tax_unit_dependent<2023, (default)> = [False False False False False False]
      is_tax_unit_head<2023, (default)> = [ True False  True False  True False]
      is_tax_unit_spouse<2023, (default)> = [False  True False  True False  True]
    form_4952_disallowed_investment_interest_expense_prior_year<2023, (default)> = [0. 0. 0.]
  form_4952_net_investment_income<2023, (default)> = [600.   0. 500.]
    form_4952_investment_income<2023, (default)> = [600.   0. 500.]
      form_4952_gross_investment_income<2023, (default)> = [600.   0. 500.]
        taxable_interest_income<2023, (default)> = [600.   0.   0.   0.   0. 500.]
        is_tax_unit_dependent<2023, (default)> = [False False False False False False]
        ordinary_dividend_income<2023, (default)> = [0. 0. 0. 0. 0. 0.]
          qualified_dividend_income<2023, (default)> = [0. 0. 0. 0. 0. 0.]
          non_qualified_dividend_income<2023, (default)> = [0. 0. 0. 0. 0. 0.]
        is_tax_unit_dependent<2023, (default)> = [False False False False False False]
      form_4952_qualified_dividends<2023, (default)> = [0. 0. 0.]
        qualified_dividend_income<2023, (default)> = [0. 0. 0. 0. 0. 0.]
        is_tax_unit_dependent<2023, (default)> = [False False False False False False]
      form_4952_net_investment_gain<2023, (default)> = [0. 0. 0.]
        long_term_capital_gains<2023, (default)> = [0. 0. 0. 0. 0. 0.]
          long_term_capital_gains_before_response<2023, (default)> = [0. 0. 0. 0. 0. 0.]
          capital_gains_behavioral_response<2023, (default)> = [0. 0. 0. 0. 0. 0.]
        is_tax_unit_dependent<2023, (default)> = [False False False False False False]
        short_term_capital_gains<2023, (default)> = [0. 0. 0. 0. 0. 0.]
        is_tax_unit_dependent<2023, (default)> = [False False False False False False]
        form_4952_capital_gain_distributions<2023, (default)> = [0. 0. 0.]
          is_tax_unit_dependent<2023, (default)> = [False False False False False False]
          non_sch_d_capital_gains<2023, (default)> = [0. 0. 0. 0. 0. 0.]
      form_4952_net_capital_gain<2023, (default)> = [0. 0. 0.]
        form_4952_net_investment_gain<2023, (default)> = [0. 0. 0.]
        long_term_capital_gains<2023, (default)> = [0. 0. 0. 0. 0. 0.]
        is_tax_unit_dependent<2023, (default)> = [False False False False False False]
        form_4952_capital_gain_distributions<2023, (default)> = [0. 0. 0.]
        short_term_capital_gains<2023, (default)> = [0. 0. 0. 0. 0. 0.]
        is_tax_unit_dependent<2023, (default)> = [False False False False False False]
      form_4952_elected_investment_income<2023, (default)> = [0. 0. 0.]
        investment_income_elected_form_4952<2023, (default)> = [0. 0. 0. 0. 0. 0.]
        is_tax_unit_dependent<2023, (default)> = [False False False False False False]
        form_4952_qualified_dividends<2023, (default)> = [0. 0. 0.]
        form_4952_net_capital_gain<2023, (default)> = [0. 0. 0.]
    form_4952_investment_expenses<2023, (default)> = [0. 0. 0.]
  investment_interest_expense_deduction<2023, (default)> = [600.   0. 500.]
    form_4952_total_investment_interest_expense<2023, (default)> = [1200.    0. 1200.]
    form_4952_net_investment_income<2023, (default)> = [600.   0. 500.]
  mt_itemized_deductions_indiv<2023, (default)> = [300.   0.   0.   0.   0. 500.]
    mt_married_filing_separately_on_same_return_eligible<2023, (default)> = [ True  True  True  True  True  True]
      MT<2023, (default)> = [ True]
        state_code_str<2023, (default)> = ['MT']
          state_code<2023, (default)> = ['MT']
    charitable_deduction<2023, (default)> = [0. 0. 0.]
    is_tax_unit_head_or_spouse<2023, (default)> = [ True  True  True  True  True  True]
    mt_investment_interest_expense_deduction_indiv<2023, (default)> = [300.   0.   0.   0.   0. 500.]
      MT<2023, (default)> = [ True]
      is_tax_unit_head_or_spouse<2023, (default)> = [ True  True  True  True  True  True]
      investment_interest_expense<2023, (default)> = [ 300.  900.    0.    0.    0. 1200.]
      qualified_dividend_income<2023, (default)> = [0. 0. 0. 0. 0. 0.]
      non_sch_d_capital_gains<2023, (default)> = [0. 0. 0. 0. 0. 0.]
      long_term_capital_gains<2023, (default)> = [0. 0. 0. 0. 0. 0.]
      short_term_capital_gains<2023, (default)> = [0. 0. 0. 0. 0. 0.]
      investment_income_elected_form_4952<2023, (default)> = [0. 0. 0. 0. 0. 0.]
      taxable_interest_income<2023, (default)> = [600.   0.   0.   0.   0. 500.]
      ordinary_dividend_income<2023, (default)> = [0. 0. 0. 0. 0. 0.]
    mortgage_interest<2023, (default)> = [0. 0. 0. 0. 0. 0.]
    mt_misc_deductions<2023, (default)> = [0. 0. 0. 0. 0. 0.]
    mt_medical_expense_deduction_indiv<2023, (default)> = [0. 0. 0. 0. 0. 0.]
    mt_salt_deduction<2023, (default)> = [0. 0. 0. 0. 0. 0.]
    mt_federal_income_tax_deduction_indiv<2023, (default)> = [0. 0. 0. 0. 0. 0.]
  mt_itemized_deductions_joint<2023, (default)> = [600.   0.   0.   0. 500.   0.]
    MT<2023, (default)> = [ True]
    charitable_deduction<2023, (default)> = [0. 0. 0.]
    investment_interest_expense_deduction<2023, (default)> = [600.   0. 500.]
    mortgage_interest<2023, (default)> = [0. 0. 0. 0. 0. 0.]
    mt_misc_deductions<2023, (default)> = [0. 0. 0. 0. 0. 0.]
    mt_medical_expense_deduction_joint<2023, (default)> = [0. 0. 0. 0. 0. 0.]
    mt_salt_deduction<2023, (default)> = [0. 0. 0. 0. 0. 0.]
    mt_federal_income_tax_deduction_unit<2023, (default)> = [0. 0. 0.]
    is_tax_unit_head<2023, (default)> = [ True False  True False  True False]
  mt_itemized_deductions_for_federal_itemization_indiv<2023, (default)> = [300.   0.   0.   0.   0. 500.]
    mt_married_filing_separately_on_same_return_eligible<2023, (default)> = [ True  True  True  True  True  True]
    charitable_deduction<2023, (default)> = [0. 0. 0.]
    is_tax_unit_head_or_spouse<2023, (default)> = [ True  True  True  True  True  True]
    mt_investment_interest_expense_deduction_indiv<2023, (default)> = [300.   0.   0.   0.   0. 500.]
    mortgage_interest<2023, (default)> = [0. 0. 0. 0. 0. 0.]
    mt_misc_deductions<2023, (default)> = [0. 0. 0. 0. 0. 0.]
    mt_medical_expense_deduction_indiv<2023, (default)> = [0. 0. 0. 0. 0. 0.]
    mt_salt_deduction<2023, (default)> = [0. 0. 0. 0. 0. 0.]
    mt_federal_income_tax_deduction_for_federal_itemization_indiv<2023, (default)> = [0. 0. 0. 0. 0. 0.]
  mt_itemized_deductions_for_federal_itemization_joint<2023, (default)> = [600.   0.   0.   0. 500.   0.]
    MT<2023, (default)> = [ True]
    charitable_deduction<2023, (default)> = [0. 0. 0.]
    investment_interest_expense_deduction<2023, (default)> = [600.   0. 500.]
    mortgage_interest<2023, (default)> = [0. 0. 0. 0. 0. 0.]
    mt_misc_deductions<2023, (default)> = [0. 0. 0. 0. 0. 0.]
    mt_medical_expense_deduction_joint<2023, (default)> = [0. 0. 0. 0. 0. 0.]
    mt_salt_deduction<2023, (default)> = [0. 0. 0. 0. 0. 0.]
    mt_federal_income_tax_deduction_for_federal_itemization<2023, (default)> = [0. 0. 0.]
    is_tax_unit_head<2023, (default)> = [ True False  True False  True False]
.Computation log:
  investment_interest_expense_deduction<2024, (default)> = [1200.]
    form_4952_total_investment_interest_expense<2024, (default)> = [1200.]
      investment_interest_expense<2024, (default)> = [300. 900.]
      is_tax_unit_dependent<2024, (default)> = [False False]
        is_tax_unit_head<2024, (default)> = [ True False]
        is_tax_unit_spouse<2024, (default)> = [False  True]
      form_4952_disallowed_investment_interest_expense_prior_year<2024, (default)> = [0.]
    form_4952_net_investment_income<2024, (default)> = [2000.]
      form_4952_investment_income<2024, (default)> = [2000.]
        form_4952_gross_investment_income<2024, (default)> = [2000.]
          taxable_interest_income<2024, (default)> = [2000.    0.]
          is_tax_unit_dependent<2024, (default)> = [False False]
          ordinary_dividend_income<2024, (default)> = [0. 0.]
            qualified_dividend_income<2024, (default)> = [0. 0.]
            non_qualified_dividend_income<2024, (default)> = [0. 0.]
          is_tax_unit_dependent<2024, (default)> = [False False]
        form_4952_qualified_dividends<2024, (default)> = [0.]
          qualified_dividend_income<2024, (default)> = [0. 0.]
          is_tax_unit_dependent<2024, (default)> = [False False]
        form_4952_net_investment_gain<2024, (default)> = [0.]
          long_term_capital_gains<2024, (default)> = [0. 0.]
            long_term_capital_gains_before_response<2024, (default)> = [0. 0.]
            capital_gains_behavioral_response<2024, (default)> = [0. 0.]
          is_tax_unit_dependent<2024, (default)> = [False False]
          short_term_capital_gains<2024, (default)> = [0. 0.]
          is_tax_unit_dependent<2024, (default)> = [False False]
          form_4952_capital_gain_distributions<2024, (default)> = [0.]
            is_tax_unit_dependent<2024, (default)> = [False False]
            non_sch_d_capital_gains<2024, (default)> = [0. 0.]
        form_4952_net_capital_gain<2024, (default)> = [0.]
          form_4952_net_investment_gain<2024, (default)> = [0.]
          long_term_capital_gains<2024, (default)> = [0. 0.]
          is_tax_unit_dependent<2024, (default)> = [False False]
          form_4952_capital_gain_distributions<2024, (default)> = [0.]
          short_term_capital_gains<2024, (default)> = [0. 0.]
          is_tax_unit_dependent<2024, (default)> = [False False]
        form_4952_elected_investment_income<2024, (default)> = [0.]
          investment_income_elected_form_4952<2024, (default)> = [0. 0.]
          is_tax_unit_dependent<2024, (default)> = [False False]
          form_4952_qualified_dividends<2024, (default)> = [0.]
          form_4952_net_capital_gain<2024, (default)> = [0.]
      form_4952_investment_expenses<2024, (default)> = [0.]
  mt_itemized_deductions_joint<2024, (default)> = [1200.    0.]
    MT<2024, (default)> = [ True]
      state_code_str<2024, (default)> = ['MT']
        state_code<2024, (default)> = ['MT']
    charitable_deduction<2024, (default)> = [0.]
    investment_interest_expense_deduction<2024, (default)> = [1200.]
    mortgage_interest<2024, (default)> = [0. 0.]
    mt_misc_deductions<2024, (default)> = [0. 0.]
    mt_medical_expense_deduction_joint<2024, (default)> = [0. 0.]
    mt_salt_deduction<2024, (default)> = [0. 0.]
    mt_federal_income_tax_deduction_unit<2024, (default)> = [0.]
    is_tax_unit_head<2024, (default)> = [ True False]
  mt_itemized_deductions_for_federal_itemization_joint<2024, (default)> = [1200.    0.]
    MT<2024, (default)> = [ True]
    charitable_deduction<2024, (default)> = [0.]
    investment_interest_expense_deduction<2024, (default)> = [1200.]
    mortgage_interest<2024, (default)> = [0. 0.]
    mt_misc_deductions<2024, (default)> = [0. 0.]
    mt_medical_expense_deduction_joint<2024, (default)> = [0. 0.]
    mt_salt_deduction<2024, (default)> = [0. 0.]
    mt_federal_income_tax_deduction_for_federal_itemization<2024, (default)> = [0.]
    is_tax_unit_head<2024, (default)> = [ True False]
.

=============================== warnings summary ===============================
../../../PolicyEngine/_worktrees/pe-us-backlog/main/.venv/lib/python3.13/site-packages/_pytest/config/__init__.py:1345
  /Users/maxghenis/PolicyEngine/_worktrees/pe-us-backlog/main/.venv/lib/python3.13/site-packages/_pytest/config/__init__.py:1345: PytestAssertRewriteWarning: Module already imported so cannot be rewritten; anyio
    self._mark_plugins_for_rewrite(hook, disable_autoload)

-- Docs: https://docs.pytest.org/en/stable/how-to/capture-warnings.html
======================== 2 passed, 1 warning in 16.30s =========================
