============================= test session starts ==============================
platform darwin -- Python 3.13.9, pytest-9.1.1, pluggy-1.6.0
rootdir: /Users/maxghenis/.subfleet/worktrees/20261007-055850-hub-resume-sol2-163d
configfile: pyproject.toml
plugins: hypothesis-6.168.3, anyio-4.15.1
collected 1 item

policyengine_us/tests/policy/baseline/gov/states/ny/tax/income/taxable_income/deductions/itemized/ny_misc_deduction.yaml Computation log:
  total_misc_deductions<2025, (default)> = [3000.]
    unreimbursed_business_employee_expenses<2025, (default)> = [0. 0.]
    tax_preparation_fees<2025, (default)> = [0. 0.]
    investment_expenses<2025, (default)> = [ 3000. 50000.]
    is_tax_unit_dependent<2025, (default)> = [False  True]
  ny_misc_deduction<2025, (default)> = [1000.]
    NY<2025, (default)> = [ True]
      state_code_str<2025, (default)> = ['NY']
        state_code<2025, (default)> = ['NY']
    total_misc_deductions<2025, (default)> = [3000.]
    positive_agi<2025, (default)> = [100000.]
      adjusted_gross_income<2025, (default)> = [100000.]
.

=============================== warnings summary ===============================
../../../PolicyEngine/_worktrees/pe-us-backlog/main/.venv/lib/python3.13/site-packages/_pytest/config/__init__.py:1345
  /Users/maxghenis/PolicyEngine/_worktrees/pe-us-backlog/main/.venv/lib/python3.13/site-packages/_pytest/config/__init__.py:1345: PytestAssertRewriteWarning: Module already imported so cannot be rewritten; anyio
    self._mark_plugins_for_rewrite(hook, disable_autoload)

-- Docs: https://docs.pytest.org/en/stable/how-to/capture-warnings.html
========================= 1 passed, 1 warning in 9.10s =========================
LOCAL_RESOURCE wall_seconds=277.87 max_rss_bytes=1560723456 user_seconds=21.91 sys_seconds=3.37
