============================= test session starts ==============================
platform darwin -- Python 3.13.9, pytest-9.1.1, pluggy-1.6.0
rootdir: /Users/maxghenis/.subfleet/worktrees/20261007-055850-hub-resume-sol2-163d
configfile: pyproject.toml
plugins: hypothesis-6.168.3, anyio-4.15.1
collected 7 items

policyengine_us/tests/policy/baseline/gov/states/ny/tax/income/taxable_income/deductions/itemized/ny_itemized_deductions_phase_out.yaml Computation log:
  ny_itemized_deductions_phase_out_applies<2025, (default)> = [False]
    NY<2025, (default)> = [ True]
      state_code_str<2025, (default)> = ['NY']
        state_code<2025, (default)> = ['NY']
    adjusted_gross_income<2025, (default)> = [340000.]
    filing_status<2025, (default)> = ['SINGLE']
  ny_itemized_deductions_phase_out<2025, (default)> = [0.]
    ny_itemized_deductions_phase_out_applies<2025, (default)> = [False]
.Computation log:
  ny_itemized_deductions_phase_out_applies<2025, (default)> = [ True]
    NY<2025, (default)> = [ True]
      state_code_str<2025, (default)> = ['NY']
        state_code<2025, (default)> = ['NY']
    adjusted_gross_income<2025, (default)> = [350000.]
    filing_status<2025, (default)> = ['SINGLE']
  ny_itemized_deductions_phase_out<2025, (default)> = [279.]
    ny_itemized_deductions_phase_out_applies<2025, (default)> = [ True]
    ny_itemized_deductions_max<2025, (default)> = [100000.]
    ny_college_tuition_deduction<2025, (default)> = [0.]
    medical_expense_deduction<2025, (default)> = [0.]
    investment_interest_expense_deduction<2025, (default)> = [0.]
      form_4952_total_investment_interest_expense<2025, (default)> = [0.]
        investment_interest_expense<2025, (default)> = [0.]
        is_tax_unit_dependent<2025, (default)> = [False]
          is_tax_unit_head<2025, (default)> = [ True]
            is_child<2025, (default)> = [False]
              age<2025, (default)> = [40.]
            age<2025, (default)> = [40.]
          is_tax_unit_spouse<2025, (default)> = [False]
            is_separated<2025, (default)> = [False]
            is_child<2025, (default)> = [False]
            is_tax_unit_head<2025, (default)> = [ True]
            age<2025, (default)> = [40.]
        form_4952_disallowed_investment_interest_expense_prior_year<2025, (default)> = [0.]
      form_4952_net_investment_income<2025, (default)> = [0.]
        form_4952_investment_income<2025, (default)> = [0.]
          form_4952_gross_investment_income<2025, (default)> = [0.]
            taxable_interest_income<2025, (default)> = [0.]
            is_tax_unit_dependent<2025, (default)> = [False]
            ordinary_dividend_income<2025, (default)> = [0.]
              qualified_dividend_income<2025, (default)> = [0.]
              non_qualified_dividend_income<2025, (default)> = [0.]
            is_tax_unit_dependent<2025, (default)> = [False]
          form_4952_qualified_dividends<2025, (default)> = [0.]
            qualified_dividend_income<2025, (default)> = [0.]
            is_tax_unit_dependent<2025, (default)> = [False]
          form_4952_net_investment_gain<2025, (default)> = [0.]
            long_term_capital_gains<2025, (default)> = [0.]
              long_term_capital_gains_before_response<2025, (default)> = [0.]
              capital_gains_behavioral_response<2025, (default)> = [0.]
            is_tax_unit_dependent<2025, (default)> = [False]
            short_term_capital_gains<2025, (default)> = [0.]
            is_tax_unit_dependent<2025, (default)> = [False]
            form_4952_capital_gain_distributions<2025, (default)> = [0.]
              is_tax_unit_dependent<2025, (default)> = [False]
              non_sch_d_capital_gains<2025, (default)> = [0.]
          form_4952_net_capital_gain<2025, (default)> = [0.]
            form_4952_net_investment_gain<2025, (default)> = [0.]
            long_term_capital_gains<2025, (default)> = [0.]
            is_tax_unit_dependent<2025, (default)> = [False]
            form_4952_capital_gain_distributions<2025, (default)> = [0.]
            short_term_capital_gains<2025, (default)> = [0.]
            is_tax_unit_dependent<2025, (default)> = [False]
          form_4952_elected_investment_income<2025, (default)> = [0.]
            investment_income_elected_form_4952<2025, (default)> = [0.]
            is_tax_unit_dependent<2025, (default)> = [False]
            form_4952_qualified_dividends<2025, (default)> = [0.]
            form_4952_net_capital_gain<2025, (default)> = [0.]
        form_4952_investment_expenses<2025, (default)> = [0.]
    ny_casualty_loss_deduction<2025, (default)> = [0.]
    adjusted_gross_income<2025, (default)> = [350000.]
    filing_status<2025, (default)> = ['SINGLE']
.Computation log:
  ny_itemized_deductions_phase_out_applies<2025, (default)> = [False]
    NY<2025, (default)> = [ True]
      state_code_str<2025, (default)> = ['NY']
        state_code<2025, (default)> = ['NY']
    adjusted_gross_income<2025, (default)> = [408000.]
    filing_status<2025, (default)> = ['JOINT']
  ny_itemized_deductions_phase_out<2025, (default)> = [0.]
    ny_itemized_deductions_phase_out_applies<2025, (default)> = [False]
.Computation log:
  ny_itemized_deductions_phase_out_applies<2025, (default)> = [ True]
    NY<2025, (default)> = [ True]
      state_code_str<2025, (default)> = ['NY']
        state_code<2025, (default)> = ['NY']
    adjusted_gross_income<2025, (default)> = [500000.]
    filing_status<2025, (default)> = ['JOINT']
  ny_itemized_deductions_phase_out<2025, (default)> = [2734.5]
    ny_itemized_deductions_phase_out_applies<2025, (default)> = [ True]
    ny_itemized_deductions_max<2025, (default)> = [100000.]
    ny_college_tuition_deduction<2025, (default)> = [0.]
    medical_expense_deduction<2025, (default)> = [0.]
    investment_interest_expense_deduction<2025, (default)> = [0.]
      form_4952_total_investment_interest_expense<2025, (default)> = [0.]
        investment_interest_expense<2025, (default)> = [0.]
        is_tax_unit_dependent<2025, (default)> = [False]
          is_tax_unit_head<2025, (default)> = [ True]
            is_child<2025, (default)> = [False]
              age<2025, (default)> = [40.]
            age<2025, (default)> = [40.]
          is_tax_unit_spouse<2025, (default)> = [False]
            is_separated<2025, (default)> = [False]
            is_child<2025, (default)> = [False]
            is_tax_unit_head<2025, (default)> = [ True]
            age<2025, (default)> = [40.]
        form_4952_disallowed_investment_interest_expense_prior_year<2025, (default)> = [0.]
      form_4952_net_investment_income<2025, (default)> = [0.]
        form_4952_investment_income<2025, (default)> = [0.]
          form_4952_gross_investment_income<2025, (default)> = [0.]
            taxable_interest_income<2025, (default)> = [0.]
            is_tax_unit_dependent<2025, (default)> = [False]
            ordinary_dividend_income<2025, (default)> = [0.]
              qualified_dividend_income<2025, (default)> = [0.]
              non_qualified_dividend_income<2025, (default)> = [0.]
            is_tax_unit_dependent<2025, (default)> = [False]
          form_4952_qualified_dividends<2025, (default)> = [0.]
            qualified_dividend_income<2025, (default)> = [0.]
            is_tax_unit_dependent<2025, (default)> = [False]
          form_4952_net_investment_gain<2025, (default)> = [0.]
            long_term_capital_gains<2025, (default)> = [0.]
              long_term_capital_gains_before_response<2025, (default)> = [0.]
              capital_gains_behavioral_response<2025, (default)> = [0.]
            is_tax_unit_dependent<2025, (default)> = [False]
            short_term_capital_gains<2025, (default)> = [0.]
            is_tax_unit_dependent<2025, (default)> = [False]
            form_4952_capital_gain_distributions<2025, (default)> = [0.]
              is_tax_unit_dependent<2025, (default)> = [False]
              non_sch_d_capital_gains<2025, (default)> = [0.]
          form_4952_net_capital_gain<2025, (default)> = [0.]
            form_4952_net_investment_gain<2025, (default)> = [0.]
            long_term_capital_gains<2025, (default)> = [0.]
            is_tax_unit_dependent<2025, (default)> = [False]
            form_4952_capital_gain_distributions<2025, (default)> = [0.]
            short_term_capital_gains<2025, (default)> = [0.]
            is_tax_unit_dependent<2025, (default)> = [False]
          form_4952_elected_investment_income<2025, (default)> = [0.]
            investment_income_elected_form_4952<2025, (default)> = [0.]
            is_tax_unit_dependent<2025, (default)> = [False]
            form_4952_qualified_dividends<2025, (default)> = [0.]
            form_4952_net_capital_gain<2025, (default)> = [0.]
        form_4952_investment_expenses<2025, (default)> = [0.]
    ny_casualty_loss_deduction<2025, (default)> = [0.]
    adjusted_gross_income<2025, (default)> = [500000.]
    filing_status<2025, (default)> = ['JOINT']
.Computation log:
  ny_itemized_deductions_phase_out_applies<2025, (default)> = [ True]
    NY<2025, (default)> = [ True]
      state_code_str<2025, (default)> = ['NY']
        state_code<2025, (default)> = ['NY']
    adjusted_gross_income<2025, (default)> = [5.e+06]
    filing_status<2025, (default)> = ['JOINT']
  ny_itemized_deductions_phase_out<2025, (default)> = [16000.]
    ny_itemized_deductions_phase_out_applies<2025, (default)> = [ True]
    ny_itemized_deductions_max<2025, (default)> = [20000.]
    ny_college_tuition_deduction<2025, (default)> = [0.]
    medical_expense_deduction<2025, (default)> = [0.]
    investment_interest_expense_deduction<2025, (default)> = [0.]
      form_4952_total_investment_interest_expense<2025, (default)> = [0.]
        investment_interest_expense<2025, (default)> = [0.]
        is_tax_unit_dependent<2025, (default)> = [False]
          is_tax_unit_head<2025, (default)> = [ True]
            is_child<2025, (default)> = [False]
              age<2025, (default)> = [40.]
            age<2025, (default)> = [40.]
          is_tax_unit_spouse<2025, (default)> = [False]
            is_separated<2025, (default)> = [False]
            is_child<2025, (default)> = [False]
            is_tax_unit_head<2025, (default)> = [ True]
            age<2025, (default)> = [40.]
        form_4952_disallowed_investment_interest_expense_prior_year<2025, (default)> = [0.]
      form_4952_net_investment_income<2025, (default)> = [0.]
        form_4952_investment_income<2025, (default)> = [0.]
          form_4952_gross_investment_income<2025, (default)> = [0.]
            taxable_interest_income<2025, (default)> = [0.]
            is_tax_unit_dependent<2025, (default)> = [False]
            ordinary_dividend_income<2025, (default)> = [0.]
              qualified_dividend_income<2025, (default)> = [0.]
              non_qualified_dividend_income<2025, (default)> = [0.]
            is_tax_unit_dependent<2025, (default)> = [False]
          form_4952_qualified_dividends<2025, (default)> = [0.]
            qualified_dividend_income<2025, (default)> = [0.]
            is_tax_unit_dependent<2025, (default)> = [False]
          form_4952_net_investment_gain<2025, (default)> = [0.]
            long_term_capital_gains<2025, (default)> = [0.]
              long_term_capital_gains_before_response<2025, (default)> = [0.]
              capital_gains_behavioral_response<2025, (default)> = [0.]
            is_tax_unit_dependent<2025, (default)> = [False]
            short_term_capital_gains<2025, (default)> = [0.]
            is_tax_unit_dependent<2025, (default)> = [False]
            form_4952_capital_gain_distributions<2025, (default)> = [0.]
              is_tax_unit_dependent<2025, (default)> = [False]
              non_sch_d_capital_gains<2025, (default)> = [0.]
          form_4952_net_capital_gain<2025, (default)> = [0.]
            form_4952_net_investment_gain<2025, (default)> = [0.]
            long_term_capital_gains<2025, (default)> = [0.]
            is_tax_unit_dependent<2025, (default)> = [False]
            form_4952_capital_gain_distributions<2025, (default)> = [0.]
            short_term_capital_gains<2025, (default)> = [0.]
            is_tax_unit_dependent<2025, (default)> = [False]
          form_4952_elected_investment_income<2025, (default)> = [0.]
            investment_income_elected_form_4952<2025, (default)> = [0.]
            is_tax_unit_dependent<2025, (default)> = [False]
            form_4952_qualified_dividends<2025, (default)> = [0.]
            form_4952_net_capital_gain<2025, (default)> = [0.]
        form_4952_investment_expenses<2025, (default)> = [0.]
    ny_casualty_loss_deduction<2025, (default)> = [0.]
    adjusted_gross_income<2025, (default)> = [5.e+06]
    filing_status<2025, (default)> = ['JOINT']
.Computation log:
  ny_itemized_deductions_phase_out_applies<2025, (default)> = [ True]
    NY<2025, (default)> = [ True]
      state_code_str<2025, (default)> = ['NY']
        state_code<2025, (default)> = ['NY']
    adjusted_gross_income<2025, (default)> = [5.e+06]
    filing_status<2025, (default)> = ['JOINT']
  ny_itemized_deductions_phase_out<2025, (default)> = [48000.]
    ny_itemized_deductions_phase_out_applies<2025, (default)> = [ True]
    ny_itemized_deductions_max<2025, (default)> = [100000.]
    ny_college_tuition_deduction<2025, (default)> = [0.]
    medical_expense_deduction<2025, (default)> = [25000.]
    investment_interest_expense_deduction<2025, (default)> = [10000.]
    ny_casualty_loss_deduction<2025, (default)> = [5000.]
    adjusted_gross_income<2025, (default)> = [5.e+06]
    filing_status<2025, (default)> = ['JOINT']
.Computation log:
  ny_itemized_deductions_phase_out_applies<2025, (default)> = [ True]
    NY<2025, (default)> = [ True]
      state_code_str<2025, (default)> = ['NY']
        state_code<2025, (default)> = ['NY']
    adjusted_gross_income<2025, (default)> = [500000.]
    filing_status<2025, (default)> = ['JOINT']
  ny_itemized_deductions_phase_out<2025, (default)> = [2734.5]
    ny_itemized_deductions_phase_out_applies<2025, (default)> = [ True]
    ny_itemized_deductions_max<2025, (default)> = [130000.]
    ny_college_tuition_deduction<2025, (default)> = [30000.]
    medical_expense_deduction<2025, (default)> = [0.]
    investment_interest_expense_deduction<2025, (default)> = [0.]
      form_4952_total_investment_interest_expense<2025, (default)> = [0.]
        investment_interest_expense<2025, (default)> = [0.]
        is_tax_unit_dependent<2025, (default)> = [False]
          is_tax_unit_head<2025, (default)> = [ True]
            is_child<2025, (default)> = [False]
              age<2025, (default)> = [40.]
            age<2025, (default)> = [40.]
          is_tax_unit_spouse<2025, (default)> = [False]
            is_separated<2025, (default)> = [False]
            is_child<2025, (default)> = [False]
            is_tax_unit_head<2025, (default)> = [ True]
            age<2025, (default)> = [40.]
        form_4952_disallowed_investment_interest_expense_prior_year<2025, (default)> = [0.]
      form_4952_net_investment_income<2025, (default)> = [0.]
        form_4952_investment_income<2025, (default)> = [0.]
          form_4952_gross_investment_income<2025, (default)> = [0.]
            taxable_interest_income<2025, (default)> = [0.]
            is_tax_unit_dependent<2025, (default)> = [False]
            ordinary_dividend_income<2025, (default)> = [0.]
              qualified_dividend_income<2025, (default)> = [0.]
              non_qualified_dividend_income<2025, (default)> = [0.]
            is_tax_unit_dependent<2025, (default)> = [False]
          form_4952_qualified_dividends<2025, (default)> = [0.]
            qualified_dividend_income<2025, (default)> = [0.]
            is_tax_unit_dependent<2025, (default)> = [False]
          form_4952_net_investment_gain<2025, (default)> = [0.]
            long_term_capital_gains<2025, (default)> = [0.]
              long_term_capital_gains_before_response<2025, (default)> = [0.]
              capital_gains_behavioral_response<2025, (default)> = [0.]
            is_tax_unit_dependent<2025, (default)> = [False]
            short_term_capital_gains<2025, (default)> = [0.]
            is_tax_unit_dependent<2025, (default)> = [False]
            form_4952_capital_gain_distributions<2025, (default)> = [0.]
              is_tax_unit_dependent<2025, (default)> = [False]
              non_sch_d_capital_gains<2025, (default)> = [0.]
          form_4952_net_capital_gain<2025, (default)> = [0.]
            form_4952_net_investment_gain<2025, (default)> = [0.]
            long_term_capital_gains<2025, (default)> = [0.]
            is_tax_unit_dependent<2025, (default)> = [False]
            form_4952_capital_gain_distributions<2025, (default)> = [0.]
            short_term_capital_gains<2025, (default)> = [0.]
            is_tax_unit_dependent<2025, (default)> = [False]
          form_4952_elected_investment_income<2025, (default)> = [0.]
            investment_income_elected_form_4952<2025, (default)> = [0.]
            is_tax_unit_dependent<2025, (default)> = [False]
            form_4952_qualified_dividends<2025, (default)> = [0.]
            form_4952_net_capital_gain<2025, (default)> = [0.]
        form_4952_investment_expenses<2025, (default)> = [0.]
    ny_casualty_loss_deduction<2025, (default)> = [0.]
    adjusted_gross_income<2025, (default)> = [500000.]
    filing_status<2025, (default)> = ['JOINT']
.

=============================== warnings summary ===============================
../../../PolicyEngine/_worktrees/pe-us-backlog/main/.venv/lib/python3.13/site-packages/_pytest/config/__init__.py:1345
  /Users/maxghenis/PolicyEngine/_worktrees/pe-us-backlog/main/.venv/lib/python3.13/site-packages/_pytest/config/__init__.py:1345: PytestAssertRewriteWarning: Module already imported so cannot be rewritten; anyio
    self._mark_plugins_for_rewrite(hook, disable_autoload)

-- Docs: https://docs.pytest.org/en/stable/how-to/capture-warnings.html
========================= 7 passed, 1 warning in 8.61s =========================
LOCAL_RESOURCE wall_seconds=38.87 max_rss_bytes=1768620032 user_seconds=22.04 sys_seconds=2.62
