============================= test session starts ==============================
platform darwin -- Python 3.13.9, pytest-9.1.1, pluggy-1.6.0
rootdir: /Users/maxghenis/.subfleet/worktrees/20261007-055850-hub-resume-sol2-163d
configfile: pyproject.toml
plugins: hypothesis-6.168.3, anyio-4.15.1
collected 3 items

policyengine_us/tests/policy/baseline/gov/irs/tax/federal_income/foreign_earned_income_exclusion/section_911_adjusted_net_capital_gain.yaml Computation log:
  section_911_net_capital_gain<2025, (default)> = [85000.]
    net_capital_gain<2025, (default)> = [100000.]
    section_911_capital_gain_excess<2025, (default)> = [15000.]
  section_911_qualified_dividend_income<2025, (default)> = [10000.]
    net_capital_gain<2025, (default)> = [100000.]
    dividend_income_reduced_by_investment_income<2025, (default)> = [10000.]
      form_4952_qualified_dividends<2025, (default)> = [10000.]
        qualified_dividend_income<2025, (default)> = [10000.]
        is_tax_unit_dependent<2025, (default)> = [False]
          is_tax_unit_head<2025, (default)> = [ True]
            is_child<2025, (default)> = [False]
              age<2025, (default)> = [40.]
            age<2025, (default)> = [40.]
          is_tax_unit_spouse<2025, (default)> = [False]
            is_separated<2025, (default)> = [False]
            is_child<2025, (default)> = [False]
            is_tax_unit_head<2025, (default)> = [ True]
            age<2025, (default)> = [40.]
      long_term_capital_gains<2025, (default)> = [0.]
        long_term_capital_gains_before_response<2025, (default)> = [0.]
        capital_gains_behavioral_response<2025, (default)> = [0.]
      is_tax_unit_dependent<2025, (default)> = [False]
      short_term_capital_gains<2025, (default)> = [0.]
      is_tax_unit_dependent<2025, (default)> = [False]
      form_4952_capital_gain_distributions<2025, (default)> = [0.]
        is_tax_unit_dependent<2025, (default)> = [False]
        non_sch_d_capital_gains<2025, (default)> = [0.]
      form_4952_elected_investment_income<2025, (default)> = [0.]
        investment_income_elected_form_4952<2025, (default)> = [0.]
        is_tax_unit_dependent<2025, (default)> = [False]
        form_4952_qualified_dividends<2025, (default)> = [10000.]
        form_4952_net_capital_gain<2025, (default)> = [0.]
          form_4952_net_investment_gain<2025, (default)> = [0.]
            long_term_capital_gains<2025, (default)> = [0.]
            is_tax_unit_dependent<2025, (default)> = [False]
            short_term_capital_gains<2025, (default)> = [0.]
            is_tax_unit_dependent<2025, (default)> = [False]
            form_4952_capital_gain_distributions<2025, (default)> = [0.]
          long_term_capital_gains<2025, (default)> = [0.]
          is_tax_unit_dependent<2025, (default)> = [False]
          form_4952_capital_gain_distributions<2025, (default)> = [0.]
          short_term_capital_gains<2025, (default)> = [0.]
          is_tax_unit_dependent<2025, (default)> = [False]
      form_4952_net_capital_gain<2025, (default)> = [0.]
    section_911_capital_gain_excess<2025, (default)> = [15000.]
  section_911_28_percent_rate_gain<2025, (default)> = [0.]
    capital_gains_28_percent_rate_gain<2025, (default)> = [10000.]
    section_911_capital_gain_excess<2025, (default)> = [15000.]
  section_911_unrecaptured_section_1250_gain<2025, (default)> = [15000.]
    schedule_d_unrecaptured_section_1250_gain<2025, (default)> = [20000.]
      unrecaptured_section_1250_gain<2025, (default)> = [20000.]
      unrecaptured_section_1250_gain_before_losses<2025, (default)> = [0.]
      capital_gains_28_percent_rate_gain<2025, (default)> = [10000.]
      collectibles_gain_or_loss<2025, (default)> = [0.]
      section_1202_gain<2025, (default)> = [0.]
      short_term_capital_gains<2025, (default)> = [0.]
      long_term_capital_loss_carryover<2025, (default)> = [0.]
    capital_gains_28_percent_rate_gain<2025, (default)> = [10000.]
    section_911_capital_gain_excess<2025, (default)> = [15000.]
  section_911_adjusted_net_capital_gain<2025, (default)> = [70000.]
    section_911_capital_gain_excess<2025, (default)> = [15000.]
    net_capital_gain<2025, (default)> = [100000.]
    dividend_income_reduced_by_investment_income<2025, (default)> = [10000.]
    section_911_capital_gain_excess<2025, (default)> = [15000.]
    section_911_qualified_dividend_income<2025, (default)> = [10000.]
    section_911_unrecaptured_section_1250_gain<2025, (default)> = [15000.]
    section_911_28_percent_rate_gain<2025, (default)> = [0.]
    adjusted_net_capital_gain<2025, (default)> = [70000.]
      net_capital_gain<2025, (default)> = [100000.]
      dividend_income_reduced_by_investment_income<2025, (default)> = [10000.]
      schedule_d_unrecaptured_section_1250_gain<2025, (default)> = [20000.]
      capital_gains_28_percent_rate_gain<2025, (default)> = [10000.]
.Computation log:
  section_911_net_capital_gain<2025, (default)> = [5000.]
    net_capital_gain<2025, (default)> = [40000.]
    section_911_capital_gain_excess<2025, (default)> = [35000.]
  section_911_qualified_dividend_income<2025, (default)> = [5000.]
    net_capital_gain<2025, (default)> = [40000.]
    dividend_income_reduced_by_investment_income<2025, (default)> = [10000.]
      form_4952_qualified_dividends<2025, (default)> = [10000.]
        qualified_dividend_income<2025, (default)> = [10000.]
        is_tax_unit_dependent<2025, (default)> = [False]
          is_tax_unit_head<2025, (default)> = [ True]
            is_child<2025, (default)> = [False]
              age<2025, (default)> = [40.]
            age<2025, (default)> = [40.]
          is_tax_unit_spouse<2025, (default)> = [False]
            is_separated<2025, (default)> = [False]
            is_child<2025, (default)> = [False]
            is_tax_unit_head<2025, (default)> = [ True]
            age<2025, (default)> = [40.]
      long_term_capital_gains<2025, (default)> = [0.]
        long_term_capital_gains_before_response<2025, (default)> = [0.]
        capital_gains_behavioral_response<2025, (default)> = [0.]
      is_tax_unit_dependent<2025, (default)> = [False]
      short_term_capital_gains<2025, (default)> = [0.]
      is_tax_unit_dependent<2025, (default)> = [False]
      form_4952_capital_gain_distributions<2025, (default)> = [0.]
        is_tax_unit_dependent<2025, (default)> = [False]
        non_sch_d_capital_gains<2025, (default)> = [0.]
      form_4952_elected_investment_income<2025, (default)> = [0.]
        investment_income_elected_form_4952<2025, (default)> = [0.]
        is_tax_unit_dependent<2025, (default)> = [False]
        form_4952_qualified_dividends<2025, (default)> = [10000.]
        form_4952_net_capital_gain<2025, (default)> = [0.]
          form_4952_net_investment_gain<2025, (default)> = [0.]
            long_term_capital_gains<2025, (default)> = [0.]
            is_tax_unit_dependent<2025, (default)> = [False]
            short_term_capital_gains<2025, (default)> = [0.]
            is_tax_unit_dependent<2025, (default)> = [False]
            form_4952_capital_gain_distributions<2025, (default)> = [0.]
          long_term_capital_gains<2025, (default)> = [0.]
          is_tax_unit_dependent<2025, (default)> = [False]
          form_4952_capital_gain_distributions<2025, (default)> = [0.]
          short_term_capital_gains<2025, (default)> = [0.]
          is_tax_unit_dependent<2025, (default)> = [False]
      form_4952_net_capital_gain<2025, (default)> = [0.]
    section_911_capital_gain_excess<2025, (default)> = [35000.]
  section_911_adjusted_net_capital_gain<2025, (default)> = [5000.]
    section_911_capital_gain_excess<2025, (default)> = [35000.]
    net_capital_gain<2025, (default)> = [40000.]
    dividend_income_reduced_by_investment_income<2025, (default)> = [10000.]
    section_911_capital_gain_excess<2025, (default)> = [35000.]
    section_911_qualified_dividend_income<2025, (default)> = [5000.]
    section_911_unrecaptured_section_1250_gain<2025, (default)> = [0.]
      schedule_d_unrecaptured_section_1250_gain<2025, (default)> = [0.]
        unrecaptured_section_1250_gain<2025, (default)> = [0.]
        unrecaptured_section_1250_gain_before_losses<2025, (default)> = [0.]
        capital_gains_28_percent_rate_gain<2025, (default)> = [0.]
          long_term_capital_gains_on_collectibles<2025, (default)> = [0.]
          long_term_capital_gains_on_small_business_stock<2025, (default)> = [0.]
          collectibles_gain_or_loss<2025, (default)> = [0.]
          section_1202_gain<2025, (default)> = [0.]
          short_term_capital_gains<2025, (default)> = [0.]
          long_term_capital_loss_carryover<2025, (default)> = [0.]
        collectibles_gain_or_loss<2025, (default)> = [0.]
        section_1202_gain<2025, (default)> = [0.]
        short_term_capital_gains<2025, (default)> = [0.]
        long_term_capital_loss_carryover<2025, (default)> = [0.]
      capital_gains_28_percent_rate_gain<2025, (default)> = [0.]
      section_911_capital_gain_excess<2025, (default)> = [35000.]
    section_911_28_percent_rate_gain<2025, (default)> = [0.]
      capital_gains_28_percent_rate_gain<2025, (default)> = [0.]
      section_911_capital_gain_excess<2025, (default)> = [35000.]
    adjusted_net_capital_gain<2025, (default)> = [40000.]
      net_capital_gain<2025, (default)> = [40000.]
      dividend_income_reduced_by_investment_income<2025, (default)> = [10000.]
      schedule_d_unrecaptured_section_1250_gain<2025, (default)> = [0.]
      capital_gains_28_percent_rate_gain<2025, (default)> = [0.]
.Computation log:
  section_911_adjusted_net_capital_gain<2025, (default)> = [70000.]
    section_911_capital_gain_excess<2025, (default)> = [0.]
    net_capital_gain<2025, (default)> = [100000.]
    dividend_income_reduced_by_investment_income<2025, (default)> = [0.]
      form_4952_qualified_dividends<2025, (default)> = [0.]
        qualified_dividend_income<2025, (default)> = [0.]
        is_tax_unit_dependent<2025, (default)> = [False]
          is_tax_unit_head<2025, (default)> = [ True]
            is_child<2025, (default)> = [False]
              age<2025, (default)> = [40.]
            age<2025, (default)> = [40.]
          is_tax_unit_spouse<2025, (default)> = [False]
            is_separated<2025, (default)> = [False]
            is_child<2025, (default)> = [False]
            is_tax_unit_head<2025, (default)> = [ True]
            age<2025, (default)> = [40.]
      long_term_capital_gains<2025, (default)> = [0.]
        long_term_capital_gains_before_response<2025, (default)> = [0.]
        capital_gains_behavioral_response<2025, (default)> = [0.]
      is_tax_unit_dependent<2025, (default)> = [False]
      short_term_capital_gains<2025, (default)> = [0.]
      is_tax_unit_dependent<2025, (default)> = [False]
      form_4952_capital_gain_distributions<2025, (default)> = [0.]
        is_tax_unit_dependent<2025, (default)> = [False]
        non_sch_d_capital_gains<2025, (default)> = [0.]
      form_4952_elected_investment_income<2025, (default)> = [0.]
        investment_income_elected_form_4952<2025, (default)> = [0.]
        is_tax_unit_dependent<2025, (default)> = [False]
        form_4952_qualified_dividends<2025, (default)> = [0.]
        form_4952_net_capital_gain<2025, (default)> = [0.]
          form_4952_net_investment_gain<2025, (default)> = [0.]
            long_term_capital_gains<2025, (default)> = [0.]
            is_tax_unit_dependent<2025, (default)> = [False]
            short_term_capital_gains<2025, (default)> = [0.]
            is_tax_unit_dependent<2025, (default)> = [False]
            form_4952_capital_gain_distributions<2025, (default)> = [0.]
          long_term_capital_gains<2025, (default)> = [0.]
          is_tax_unit_dependent<2025, (default)> = [False]
          form_4952_capital_gain_distributions<2025, (default)> = [0.]
          short_term_capital_gains<2025, (default)> = [0.]
          is_tax_unit_dependent<2025, (default)> = [False]
      form_4952_net_capital_gain<2025, (default)> = [0.]
    section_911_capital_gain_excess<2025, (default)> = [0.]
    section_911_qualified_dividend_income<2025, (default)> = [0.]
      net_capital_gain<2025, (default)> = [100000.]
      dividend_income_reduced_by_investment_income<2025, (default)> = [0.]
      section_911_capital_gain_excess<2025, (default)> = [0.]
    section_911_unrecaptured_section_1250_gain<2025, (default)> = [0.]
      schedule_d_unrecaptured_section_1250_gain<2025, (default)> = [0.]
        unrecaptured_section_1250_gain<2025, (default)> = [0.]
        unrecaptured_section_1250_gain_before_losses<2025, (default)> = [0.]
        capital_gains_28_percent_rate_gain<2025, (default)> = [0.]
          long_term_capital_gains_on_collectibles<2025, (default)> = [0.]
          long_term_capital_gains_on_small_business_stock<2025, (default)> = [0.]
          collectibles_gain_or_loss<2025, (default)> = [0.]
          section_1202_gain<2025, (default)> = [0.]
          short_term_capital_gains<2025, (default)> = [0.]
          long_term_capital_loss_carryover<2025, (default)> = [0.]
        collectibles_gain_or_loss<2025, (default)> = [0.]
        section_1202_gain<2025, (default)> = [0.]
        short_term_capital_gains<2025, (default)> = [0.]
        long_term_capital_loss_carryover<2025, (default)> = [0.]
      capital_gains_28_percent_rate_gain<2025, (default)> = [0.]
      section_911_capital_gain_excess<2025, (default)> = [0.]
    section_911_28_percent_rate_gain<2025, (default)> = [0.]
      capital_gains_28_percent_rate_gain<2025, (default)> = [0.]
      section_911_capital_gain_excess<2025, (default)> = [0.]
    adjusted_net_capital_gain<2025, (default)> = [70000.]
.

=============================== warnings summary ===============================
../../../PolicyEngine/_worktrees/pe-us-backlog/main/.venv/lib/python3.13/site-packages/_pytest/config/__init__.py:1345
  /Users/maxghenis/PolicyEngine/_worktrees/pe-us-backlog/main/.venv/lib/python3.13/site-packages/_pytest/config/__init__.py:1345: PytestAssertRewriteWarning: Module already imported so cannot be rewritten; anyio
    self._mark_plugins_for_rewrite(hook, disable_autoload)

-- Docs: https://docs.pytest.org/en/stable/how-to/capture-warnings.html
========================= 3 passed, 1 warning in 6.90s =========================
LOCAL_RESOURCE wall_seconds=38.04 max_rss_bytes=1756725248 user_seconds=21.11 sys_seconds=2.64
