============================= test session starts ==============================
platform darwin -- Python 3.13.9, pytest-9.1.1, pluggy-1.6.0
rootdir: /Users/maxghenis/.subfleet/worktrees/20261007-055850-hub-resume-sol2-163d
configfile: pyproject.toml
plugins: hypothesis-6.168.3, anyio-4.15.1
collected 5 items

policyengine_us/tests/policy/baseline/gov/states/va/tax/income/deductions/va_reduced_itemized_deductions.yaml Computation log:
  va_reduced_itemized_deductions<2021, (default)> = [4461.25]
    VA<2021, (default)> = [ True]
      state_code_str<2021, (default)> = ['VA']
        state_code<2021, (default)> = ['VA']
    medical_expense_deduction<2021, (default)> = [0.]
      itemized_medical_expenses<2021, (default)> = [0.]
        medical_expense_health_insurance_premiums<2021, (default)> = [0.]
          health_insurance_premiums<2021, (default)> = [0.]
          health_insurance_premiums_without_medicare_part_b<2021, (default)> = [0.]
          medicare_enrolled<2021, (default)> = [False]
            is_medicare_eligible<2021, (default)> = [False]
              age<2021, (default)> = [40.]
              social_security_disability<2021, (default)> = [0.]
              months_receiving_social_security_disability<2021, (default)> = [0]
          medicare_part_b_premium<2021, (default)> = [0.]
            medicare_enrolled<2021, (default)> = [False]
        other_medical_expenses<2021, (default)> = [0.]
      positive_agi<2021, (default)> = [300000.]
        adjusted_gross_income<2021, (default)> = [300000.]
    interest_deduction<2021, (default)> = [0.]
      deductible_interest_expense<2021, (default)> = [0.]
        deductible_mortgage_interest<2021, (default)> = [0.]
          deductible_mortgage_interest_tax_unit<2021, (default)> = [0.]
            first_home_mortgage_balance<2021, (default)> = [0.]
            second_home_mortgage_balance<2021, (default)> = [0.]
            first_home_mortgage_origination_year<2021, (default)> = [0]
            second_home_mortgage_origination_year<2021, (default)> = [0]
            home_mortgage_interest_tax_unit<2021, (default)> = [0.]
              home_mortgage_interest<2021, (default)> = [0.]
              first_home_mortgage_interest<2021, (default)> = [0.]
              second_home_mortgage_interest<2021, (default)> = [0.]
            filing_status<2021, (default)> = ['SINGLE']
          home_mortgage_interest_share<2021, (default)> = [1.]
            is_tax_unit_head_or_spouse<2021, (default)> = [ True]
              is_tax_unit_head<2021, (default)> = [ True]
                is_child<2021, (default)> = [False]
                  age<2021, (default)> = [40.]
                age<2021, (default)> = [40.]
              is_tax_unit_spouse<2021, (default)> = [False]
                is_separated<2021, (default)> = [False]
                is_child<2021, (default)> = [False]
                is_tax_unit_head<2021, (default)> = [ True]
                age<2021, (default)> = [40.]
            home_mortgage_interest<2021, (default)> = [0.]
        non_mortgage_interest<2021, (default)> = [0.]
          investment_interest_expense<2021, (default)> = [0.]
      investment_interest_expense<2021, (default)> = [0.]
      investment_interest_expense_deduction<2021, (default)> = [0.]
        form_4952_total_investment_interest_expense<2021, (default)> = [0.]
          investment_interest_expense<2021, (default)> = [0.]
          is_tax_unit_dependent<2021, (default)> = [False]
            is_tax_unit_head<2021, (default)> = [ True]
            is_tax_unit_spouse<2021, (default)> = [False]
          form_4952_disallowed_investment_interest_expense_prior_year<2021, (default)> = [0.]
        form_4952_net_investment_income<2021, (default)> = [0.]
          form_4952_investment_income<2021, (default)> = [0.]
            form_4952_gross_investment_income<2021, (default)> = [0.]
              taxable_interest_income<2021, (default)> = [0.]
              is_tax_unit_dependent<2021, (default)> = [False]
              ordinary_dividend_income<2021, (default)> = [0.]
                qualified_dividend_income<2021, (default)> = [0.]
                non_qualified_dividend_income<2021, (default)> = [0.]
              is_tax_unit_dependent<2021, (default)> = [False]
            form_4952_qualified_dividends<2021, (default)> = [0.]
              qualified_dividend_income<2021, (default)> = [0.]
              is_tax_unit_dependent<2021, (default)> = [False]
            form_4952_net_investment_gain<2021, (default)> = [0.]
              long_term_capital_gains<2021, (default)> = [0.]
                long_term_capital_gains_before_response<2021, (default)> = [0.]
                capital_gains_behavioral_response<2021, (default)> = [0.]
              is_tax_unit_dependent<2021, (default)> = [False]
              short_term_capital_gains<2021, (default)> = [0.]
              is_tax_unit_dependent<2021, (default)> = [False]
              form_4952_capital_gain_distributions<2021, (default)> = [0.]
                is_tax_unit_dependent<2021, (default)> = [False]
                non_sch_d_capital_gains<2021, (default)> = [0.]
            form_4952_net_capital_gain<2021, (default)> = [0.]
              form_4952_net_investment_gain<2021, (default)> = [0.]
              long_term_capital_gains<2021, (default)> = [0.]
              is_tax_unit_dependent<2021, (default)> = [False]
              form_4952_capital_gain_distributions<2021, (default)> = [0.]
              short_term_capital_gains<2021, (default)> = [0.]
              is_tax_unit_dependent<2021, (default)> = [False]
            form_4952_elected_investment_income<2021, (default)> = [0.]
              investment_income_elected_form_4952<2021, (default)> = [0.]
              is_tax_unit_dependent<2021, (default)> = [False]
              form_4952_qualified_dividends<2021, (default)> = [0.]
              form_4952_net_capital_gain<2021, (default)> = [0.]
          form_4952_investment_expenses<2021, (default)> = [0.]
    charitable_deduction<2021, (default)> = [0.]
      charitable_cash_donations<2021, (default)> = [0.]
      charitable_non_cash_donations<2021, (default)> = [0.]
      charitable_non_cash_donations_non_50_pct_orgs<2021, (default)> = [0.]
      positive_agi<2021, (default)> = [300000.]
    real_estate_taxes<2021, (default)> = [5000.]
    casualty_loss_deduction<2021, (default)> = [0.]
      casualty_loss<2021, (default)> = [0.]
      positive_agi<2021, (default)> = [300000.]
    va_capped_state_and_local_sales_or_income_tax<2021, (default)> = [1000.]
      state_and_local_sales_or_income_tax<2021, (default)> = [1000.]
      filing_status<2021, (default)> = ['SINGLE']
      real_estate_taxes<2021, (default)> = [5000.]
    medical_expense_deduction<2021, (default)> = [0.]
    investment_interest_expense_deduction<2021, (default)> = [0.]
    gambling_losses<2021, (default)> = [0.]
    casualty_loss_deduction<2021, (default)> = [0.]
    adjusted_gross_income<2021, (default)> = [300000.]
    filing_status<2021, (default)> = ['SINGLE']
    va_capped_state_and_local_sales_or_income_tax<2021, (default)> = [1000.]
.Computation log:
  va_reduced_itemized_deductions<2021, (default)> = [0.]
    VA<2021, (default)> = [ True]
      state_code_str<2021, (default)> = ['VA']
        state_code<2021, (default)> = ['VA']
    medical_expense_deduction<2021, (default)> = [0.]
      itemized_medical_expenses<2021, (default)> = [0.]
        medical_expense_health_insurance_premiums<2021, (default)> = [0.]
          health_insurance_premiums<2021, (default)> = [0.]
          health_insurance_premiums_without_medicare_part_b<2021, (default)> = [0.]
          medicare_enrolled<2021, (default)> = [False]
            is_medicare_eligible<2021, (default)> = [False]
              age<2021, (default)> = [40.]
              social_security_disability<2021, (default)> = [0.]
              months_receiving_social_security_disability<2021, (default)> = [0]
          medicare_part_b_premium<2021, (default)> = [0.]
            medicare_enrolled<2021, (default)> = [False]
        other_medical_expenses<2021, (default)> = [0.]
      positive_agi<2021, (default)> = [800000.]
        adjusted_gross_income<2021, (default)> = [800000.]
    interest_deduction<2021, (default)> = [0.]
      deductible_interest_expense<2021, (default)> = [0.]
        deductible_mortgage_interest<2021, (default)> = [0.]
          deductible_mortgage_interest_tax_unit<2021, (default)> = [0.]
            first_home_mortgage_balance<2021, (default)> = [0.]
            second_home_mortgage_balance<2021, (default)> = [0.]
            first_home_mortgage_origination_year<2021, (default)> = [0]
            second_home_mortgage_origination_year<2021, (default)> = [0]
            home_mortgage_interest_tax_unit<2021, (default)> = [0.]
              home_mortgage_interest<2021, (default)> = [0.]
              first_home_mortgage_interest<2021, (default)> = [0.]
              second_home_mortgage_interest<2021, (default)> = [0.]
            filing_status<2021, (default)> = ['HEAD_OF_HOUSEHOLD']
          home_mortgage_interest_share<2021, (default)> = [1.]
            is_tax_unit_head_or_spouse<2021, (default)> = [ True]
              is_tax_unit_head<2021, (default)> = [ True]
                is_child<2021, (default)> = [False]
                  age<2021, (default)> = [40.]
                age<2021, (default)> = [40.]
              is_tax_unit_spouse<2021, (default)> = [False]
                is_separated<2021, (default)> = [False]
                is_child<2021, (default)> = [False]
                is_tax_unit_head<2021, (default)> = [ True]
                age<2021, (default)> = [40.]
            home_mortgage_interest<2021, (default)> = [0.]
        non_mortgage_interest<2021, (default)> = [0.]
          investment_interest_expense<2021, (default)> = [0.]
      investment_interest_expense<2021, (default)> = [0.]
      investment_interest_expense_deduction<2021, (default)> = [0.]
        form_4952_total_investment_interest_expense<2021, (default)> = [0.]
          investment_interest_expense<2021, (default)> = [0.]
          is_tax_unit_dependent<2021, (default)> = [False]
            is_tax_unit_head<2021, (default)> = [ True]
            is_tax_unit_spouse<2021, (default)> = [False]
          form_4952_disallowed_investment_interest_expense_prior_year<2021, (default)> = [0.]
        form_4952_net_investment_income<2021, (default)> = [0.]
          form_4952_investment_income<2021, (default)> = [0.]
            form_4952_gross_investment_income<2021, (default)> = [0.]
              taxable_interest_income<2021, (default)> = [0.]
              is_tax_unit_dependent<2021, (default)> = [False]
              ordinary_dividend_income<2021, (default)> = [0.]
                qualified_dividend_income<2021, (default)> = [0.]
                non_qualified_dividend_income<2021, (default)> = [0.]
              is_tax_unit_dependent<2021, (default)> = [False]
            form_4952_qualified_dividends<2021, (default)> = [0.]
              qualified_dividend_income<2021, (default)> = [0.]
              is_tax_unit_dependent<2021, (default)> = [False]
            form_4952_net_investment_gain<2021, (default)> = [0.]
              long_term_capital_gains<2021, (default)> = [0.]
                long_term_capital_gains_before_response<2021, (default)> = [0.]
                capital_gains_behavioral_response<2021, (default)> = [0.]
              is_tax_unit_dependent<2021, (default)> = [False]
              short_term_capital_gains<2021, (default)> = [0.]
              is_tax_unit_dependent<2021, (default)> = [False]
              form_4952_capital_gain_distributions<2021, (default)> = [0.]
                is_tax_unit_dependent<2021, (default)> = [False]
                non_sch_d_capital_gains<2021, (default)> = [0.]
            form_4952_net_capital_gain<2021, (default)> = [0.]
              form_4952_net_investment_gain<2021, (default)> = [0.]
              long_term_capital_gains<2021, (default)> = [0.]
              is_tax_unit_dependent<2021, (default)> = [False]
              form_4952_capital_gain_distributions<2021, (default)> = [0.]
              short_term_capital_gains<2021, (default)> = [0.]
              is_tax_unit_dependent<2021, (default)> = [False]
            form_4952_elected_investment_income<2021, (default)> = [0.]
              investment_income_elected_form_4952<2021, (default)> = [0.]
              is_tax_unit_dependent<2021, (default)> = [False]
              form_4952_qualified_dividends<2021, (default)> = [0.]
              form_4952_net_capital_gain<2021, (default)> = [0.]
          form_4952_investment_expenses<2021, (default)> = [0.]
    charitable_deduction<2021, (default)> = [0.]
      charitable_cash_donations<2021, (default)> = [0.]
      charitable_non_cash_donations<2021, (default)> = [0.]
      charitable_non_cash_donations_non_50_pct_orgs<2021, (default)> = [0.]
      positive_agi<2021, (default)> = [800000.]
    real_estate_taxes<2021, (default)> = [0.]
    casualty_loss_deduction<2021, (default)> = [0.]
      casualty_loss<2021, (default)> = [0.]
      positive_agi<2021, (default)> = [800000.]
    va_capped_state_and_local_sales_or_income_tax<2021, (default)> = [10000.]
      state_and_local_sales_or_income_tax<2021, (default)> = [60000.]
      filing_status<2021, (default)> = ['HEAD_OF_HOUSEHOLD']
      real_estate_taxes<2021, (default)> = [0.]
    medical_expense_deduction<2021, (default)> = [0.]
    investment_interest_expense_deduction<2021, (default)> = [0.]
    gambling_losses<2021, (default)> = [0.]
    casualty_loss_deduction<2021, (default)> = [0.]
    adjusted_gross_income<2021, (default)> = [800000.]
    filing_status<2021, (default)> = ['HEAD_OF_HOUSEHOLD']
    va_capped_state_and_local_sales_or_income_tax<2021, (default)> = [10000.]
.Computation log:
  va_reduced_itemized_deductions<2027, (default)> = [0.]
    VA<2027, (default)> = [ True]
      state_code_str<2027, (default)> = ['VA']
        state_code<2027, (default)> = ['VA']
    medical_expense_deduction<2027, (default)> = [0.]
      itemized_medical_expenses<2027, (default)> = [0.]
        medical_expense_health_insurance_premiums<2027, (default)> = [0.]
          health_insurance_premiums<2027, (default)> = [0.]
          health_insurance_premiums_without_medicare_part_b<2027, (default)> = [0.]
          medicare_enrolled<2027, (default)> = [False]
            is_medicare_eligible<2027, (default)> = [False]
              age<2027, (default)> = [40.]
              social_security_disability<2027, (default)> = [0.]
              months_receiving_social_security_disability<2027, (default)> = [0]
          medicare_part_b_premium<2027, (default)> = [0.]
            medicare_enrolled<2027, (default)> = [False]
        other_medical_expenses<2027, (default)> = [0.]
      positive_agi<2027, (default)> = [800000.]
        adjusted_gross_income<2027, (default)> = [800000.]
    interest_deduction<2027, (default)> = [0.]
      deductible_interest_expense<2027, (default)> = [0.]
        deductible_mortgage_interest<2027, (default)> = [0.]
          deductible_mortgage_interest_tax_unit<2027, (default)> = [0.]
            first_home_mortgage_balance<2027, (default)> = [0.]
            second_home_mortgage_balance<2027, (default)> = [0.]
            first_home_mortgage_origination_year<2027, (default)> = [0]
            second_home_mortgage_origination_year<2027, (default)> = [0]
            home_mortgage_interest_tax_unit<2027, (default)> = [0.]
              home_mortgage_interest<2027, (default)> = [0.]
              first_home_mortgage_interest<2027, (default)> = [0.]
              second_home_mortgage_interest<2027, (default)> = [0.]
            filing_status<2027, (default)> = ['HEAD_OF_HOUSEHOLD']
          home_mortgage_interest_share<2027, (default)> = [1.]
            is_tax_unit_head_or_spouse<2027, (default)> = [ True]
              is_tax_unit_head<2027, (default)> = [ True]
                is_child<2027, (default)> = [False]
                  age<2027, (default)> = [40.]
                age<2027, (default)> = [40.]
              is_tax_unit_spouse<2027, (default)> = [False]
                is_separated<2027, (default)> = [False]
                is_child<2027, (default)> = [False]
                is_tax_unit_head<2027, (default)> = [ True]
                age<2027, (default)> = [40.]
            home_mortgage_interest<2027, (default)> = [0.]
        non_mortgage_interest<2027, (default)> = [0.]
          investment_interest_expense<2027, (default)> = [0.]
      investment_interest_expense<2027, (default)> = [0.]
      investment_interest_expense_deduction<2027, (default)> = [0.]
        form_4952_total_investment_interest_expense<2027, (default)> = [0.]
          investment_interest_expense<2027, (default)> = [0.]
          is_tax_unit_dependent<2027, (default)> = [False]
            is_tax_unit_head<2027, (default)> = [ True]
            is_tax_unit_spouse<2027, (default)> = [False]
          form_4952_disallowed_investment_interest_expense_prior_year<2027, (default)> = [0.]
        form_4952_net_investment_income<2027, (default)> = [0.]
          form_4952_investment_income<2027, (default)> = [0.]
            form_4952_gross_investment_income<2027, (default)> = [0.]
              taxable_interest_income<2027, (default)> = [0.]
              is_tax_unit_dependent<2027, (default)> = [False]
              ordinary_dividend_income<2027, (default)> = [0.]
                qualified_dividend_income<2027, (default)> = [0.]
                non_qualified_dividend_income<2027, (default)> = [0.]
              is_tax_unit_dependent<2027, (default)> = [False]
            form_4952_qualified_dividends<2027, (default)> = [0.]
              qualified_dividend_income<2027, (default)> = [0.]
              is_tax_unit_dependent<2027, (default)> = [False]
            form_4952_net_investment_gain<2027, (default)> = [0.]
              long_term_capital_gains<2027, (default)> = [0.]
                long_term_capital_gains_before_response<2027, (default)> = [0.]
                capital_gains_behavioral_response<2027, (default)> = [0.]
              is_tax_unit_dependent<2027, (default)> = [False]
              short_term_capital_gains<2027, (default)> = [0.]
              is_tax_unit_dependent<2027, (default)> = [False]
              form_4952_capital_gain_distributions<2027, (default)> = [0.]
                is_tax_unit_dependent<2027, (default)> = [False]
                non_sch_d_capital_gains<2027, (default)> = [0.]
            form_4952_net_capital_gain<2027, (default)> = [0.]
              form_4952_net_investment_gain<2027, (default)> = [0.]
              long_term_capital_gains<2027, (default)> = [0.]
              is_tax_unit_dependent<2027, (default)> = [False]
              form_4952_capital_gain_distributions<2027, (default)> = [0.]
              short_term_capital_gains<2027, (default)> = [0.]
              is_tax_unit_dependent<2027, (default)> = [False]
            form_4952_elected_investment_income<2027, (default)> = [0.]
              investment_income_elected_form_4952<2027, (default)> = [0.]
              is_tax_unit_dependent<2027, (default)> = [False]
              form_4952_qualified_dividends<2027, (default)> = [0.]
              form_4952_net_capital_gain<2027, (default)> = [0.]
          form_4952_investment_expenses<2027, (default)> = [0.]
    charitable_deduction<2027, (default)> = [0.]
      charitable_cash_donations<2027, (default)> = [0.]
      charitable_non_cash_donations<2027, (default)> = [0.]
      charitable_non_cash_donations_non_50_pct_orgs<2027, (default)> = [0.]
      positive_agi<2027, (default)> = [800000.]
    real_estate_taxes<2027, (default)> = [0.]
    casualty_loss_deduction<2027, (default)> = [0.]
      casualty_loss<2027, (default)> = [0.]
      positive_agi<2027, (default)> = [800000.]
    va_capped_state_and_local_sales_or_income_tax<2027, (default)> = [40804.]
      state_and_local_sales_or_income_tax<2027, (default)> = [60000.]
      filing_status<2027, (default)> = ['HEAD_OF_HOUSEHOLD']
      real_estate_taxes<2027, (default)> = [0.]
    medical_expense_deduction<2027, (default)> = [0.]
    investment_interest_expense_deduction<2027, (default)> = [0.]
    gambling_losses<2027, (default)> = [0.]
    casualty_loss_deduction<2027, (default)> = [0.]
    adjusted_gross_income<2027, (default)> = [800000.]
    filing_status<2027, (default)> = ['HEAD_OF_HOUSEHOLD']
    va_capped_state_and_local_sales_or_income_tax<2027, (default)> = [40804.]
.Computation log:
  va_reduced_itemized_deductions<2021, (default)> = [35282.855]
    VA<2021, (default)> = [ True]
      state_code_str<2021, (default)> = ['VA']
        state_code<2021, (default)> = ['VA']
    medical_expense_deduction<2021, (default)> = [0.]
      itemized_medical_expenses<2021, (default)> = [0.]
        medical_expense_health_insurance_premiums<2021, (default)> = [0.]
          health_insurance_premiums<2021, (default)> = [0.]
          health_insurance_premiums_without_medicare_part_b<2021, (default)> = [0.]
          medicare_enrolled<2021, (default)> = [False]
            is_medicare_eligible<2021, (default)> = [False]
              age<2021, (default)> = [40.]
              social_security_disability<2021, (default)> = [0.]
              months_receiving_social_security_disability<2021, (default)> = [0]
          medicare_part_b_premium<2021, (default)> = [0.]
            medicare_enrolled<2021, (default)> = [False]
        other_medical_expenses<2021, (default)> = [0.]
      positive_agi<2021, (default)> = [364695.]
        adjusted_gross_income<2021, (default)> = [364695.]
    interest_deduction<2021, (default)> = [36000.]
      deductible_interest_expense<2021, (default)> = [36000.]
        deductible_mortgage_interest<2021, (default)> = [36000.]
        non_mortgage_interest<2021, (default)> = [0.]
          investment_interest_expense<2021, (default)> = [0.]
      investment_interest_expense<2021, (default)> = [0.]
      investment_interest_expense_deduction<2021, (default)> = [0.]
        form_4952_total_investment_interest_expense<2021, (default)> = [0.]
          investment_interest_expense<2021, (default)> = [0.]
          is_tax_unit_dependent<2021, (default)> = [False]
            is_tax_unit_head<2021, (default)> = [ True]
              is_child<2021, (default)> = [False]
                age<2021, (default)> = [40.]
              age<2021, (default)> = [40.]
            is_tax_unit_spouse<2021, (default)> = [False]
              is_separated<2021, (default)> = [False]
              is_child<2021, (default)> = [False]
              is_tax_unit_head<2021, (default)> = [ True]
              age<2021, (default)> = [40.]
          form_4952_disallowed_investment_interest_expense_prior_year<2021, (default)> = [0.]
        form_4952_net_investment_income<2021, (default)> = [0.]
          form_4952_investment_income<2021, (default)> = [0.]
            form_4952_gross_investment_income<2021, (default)> = [0.]
              taxable_interest_income<2021, (default)> = [0.]
              is_tax_unit_dependent<2021, (default)> = [False]
              ordinary_dividend_income<2021, (default)> = [0.]
                qualified_dividend_income<2021, (default)> = [0.]
                non_qualified_dividend_income<2021, (default)> = [0.]
              is_tax_unit_dependent<2021, (default)> = [False]
            form_4952_qualified_dividends<2021, (default)> = [0.]
              qualified_dividend_income<2021, (default)> = [0.]
              is_tax_unit_dependent<2021, (default)> = [False]
            form_4952_net_investment_gain<2021, (default)> = [0.]
              long_term_capital_gains<2021, (default)> = [0.]
                long_term_capital_gains_before_response<2021, (default)> = [0.]
                capital_gains_behavioral_response<2021, (default)> = [0.]
              is_tax_unit_dependent<2021, (default)> = [False]
              short_term_capital_gains<2021, (default)> = [0.]
              is_tax_unit_dependent<2021, (default)> = [False]
              form_4952_capital_gain_distributions<2021, (default)> = [0.]
                is_tax_unit_dependent<2021, (default)> = [False]
                non_sch_d_capital_gains<2021, (default)> = [0.]
            form_4952_net_capital_gain<2021, (default)> = [0.]
              form_4952_net_investment_gain<2021, (default)> = [0.]
              long_term_capital_gains<2021, (default)> = [0.]
              is_tax_unit_dependent<2021, (default)> = [False]
              form_4952_capital_gain_distributions<2021, (default)> = [0.]
              short_term_capital_gains<2021, (default)> = [0.]
              is_tax_unit_dependent<2021, (default)> = [False]
            form_4952_elected_investment_income<2021, (default)> = [0.]
              investment_income_elected_form_4952<2021, (default)> = [0.]
              is_tax_unit_dependent<2021, (default)> = [False]
              form_4952_qualified_dividends<2021, (default)> = [0.]
              form_4952_net_capital_gain<2021, (default)> = [0.]
          form_4952_investment_expenses<2021, (default)> = [0.]
    charitable_deduction<2021, (default)> = [0.]
      charitable_cash_donations<2021, (default)> = [0.]
      charitable_non_cash_donations<2021, (default)> = [0.]
      charitable_non_cash_donations_non_50_pct_orgs<2021, (default)> = [0.]
      positive_agi<2021, (default)> = [364695.]
    real_estate_taxes<2021, (default)> = [0.]
    casualty_loss_deduction<2021, (default)> = [0.]
      casualty_loss<2021, (default)> = [0.]
      positive_agi<2021, (default)> = [364695.]
    va_capped_state_and_local_sales_or_income_tax<2021, (default)> = [10000.]
      state_and_local_sales_or_income_tax<2021, (default)> = [19956.]
      filing_status<2021, (default)> = ['JOINT']
      real_estate_taxes<2021, (default)> = [0.]
    medical_expense_deduction<2021, (default)> = [0.]
    investment_interest_expense_deduction<2021, (default)> = [0.]
    gambling_losses<2021, (default)> = [0.]
    casualty_loss_deduction<2021, (default)> = [0.]
    adjusted_gross_income<2021, (default)> = [364695.]
    filing_status<2021, (default)> = ['JOINT']
    va_capped_state_and_local_sales_or_income_tax<2021, (default)> = [10000.]
.Computation log:
  investment_interest_expense_deduction<2021, (default)> = [2000.]
    form_4952_total_investment_interest_expense<2021, (default)> = [10000.]
      investment_interest_expense<2021, (default)> = [10000.]
      is_tax_unit_dependent<2021, (default)> = [False]
        is_tax_unit_head<2021, (default)> = [ True]
          is_child<2021, (default)> = [False]
            age<2021, (default)> = [40.]
          age<2021, (default)> = [40.]
        is_tax_unit_spouse<2021, (default)> = [False]
          is_separated<2021, (default)> = [False]
          is_child<2021, (default)> = [False]
          is_tax_unit_head<2021, (default)> = [ True]
          age<2021, (default)> = [40.]
      form_4952_disallowed_investment_interest_expense_prior_year<2021, (default)> = [0.]
    form_4952_net_investment_income<2021, (default)> = [2000.]
      form_4952_investment_income<2021, (default)> = [2000.]
        form_4952_gross_investment_income<2021, (default)> = [2000.]
          taxable_interest_income<2021, (default)> = [2000.]
          is_tax_unit_dependent<2021, (default)> = [False]
          ordinary_dividend_income<2021, (default)> = [0.]
            qualified_dividend_income<2021, (default)> = [0.]
            non_qualified_dividend_income<2021, (default)> = [0.]
          is_tax_unit_dependent<2021, (default)> = [False]
        form_4952_qualified_dividends<2021, (default)> = [0.]
          qualified_dividend_income<2021, (default)> = [0.]
          is_tax_unit_dependent<2021, (default)> = [False]
        form_4952_net_investment_gain<2021, (default)> = [0.]
          long_term_capital_gains<2021, (default)> = [0.]
            long_term_capital_gains_before_response<2021, (default)> = [0.]
            capital_gains_behavioral_response<2021, (default)> = [0.]
          is_tax_unit_dependent<2021, (default)> = [False]
          short_term_capital_gains<2021, (default)> = [0.]
          is_tax_unit_dependent<2021, (default)> = [False]
          form_4952_capital_gain_distributions<2021, (default)> = [0.]
            is_tax_unit_dependent<2021, (default)> = [False]
            non_sch_d_capital_gains<2021, (default)> = [0.]
        form_4952_net_capital_gain<2021, (default)> = [0.]
          form_4952_net_investment_gain<2021, (default)> = [0.]
          long_term_capital_gains<2021, (default)> = [0.]
          is_tax_unit_dependent<2021, (default)> = [False]
          form_4952_capital_gain_distributions<2021, (default)> = [0.]
          short_term_capital_gains<2021, (default)> = [0.]
          is_tax_unit_dependent<2021, (default)> = [False]
        form_4952_elected_investment_income<2021, (default)> = [0.]
          investment_income_elected_form_4952<2021, (default)> = [0.]
          is_tax_unit_dependent<2021, (default)> = [False]
          form_4952_qualified_dividends<2021, (default)> = [0.]
          form_4952_net_capital_gain<2021, (default)> = [0.]
      form_4952_investment_expenses<2021, (default)> = [0.]
  interest_deduction<2021, (default)> = [22000.]
    deductible_interest_expense<2021, (default)> = [30000.]
      deductible_mortgage_interest<2021, (default)> = [20000.]
      non_mortgage_interest<2021, (default)> = [10000.]
        investment_interest_expense<2021, (default)> = [10000.]
    investment_interest_expense<2021, (default)> = [10000.]
    investment_interest_expense_deduction<2021, (default)> = [2000.]
  va_reduced_itemized_deductions<2021, (default)> = [6000.]
    VA<2021, (default)> = [ True]
      state_code_str<2021, (default)> = ['VA']
        state_code<2021, (default)> = ['VA']
    medical_expense_deduction<2021, (default)> = [0.]
    interest_deduction<2021, (default)> = [22000.]
    charitable_deduction<2021, (default)> = [0.]
    real_estate_taxes<2021, (default)> = [0.]
    casualty_loss_deduction<2021, (default)> = [0.]
    va_capped_state_and_local_sales_or_income_tax<2021, (default)> = [0.]
      state_and_local_sales_or_income_tax<2021, (default)> = [0.]
      filing_status<2021, (default)> = ['SINGLE']
      real_estate_taxes<2021, (default)> = [0.]
    medical_expense_deduction<2021, (default)> = [0.]
    investment_interest_expense_deduction<2021, (default)> = [2000.]
    gambling_losses<2021, (default)> = [0.]
    casualty_loss_deduction<2021, (default)> = [0.]
    adjusted_gross_income<2021, (default)> = [5.e+06]
    filing_status<2021, (default)> = ['SINGLE']
    va_capped_state_and_local_sales_or_income_tax<2021, (default)> = [0.]
.

=============================== warnings summary ===============================
../../../PolicyEngine/_worktrees/pe-us-backlog/main/.venv/lib/python3.13/site-packages/_pytest/config/__init__.py:1345
  /Users/maxghenis/PolicyEngine/_worktrees/pe-us-backlog/main/.venv/lib/python3.13/site-packages/_pytest/config/__init__.py:1345: PytestAssertRewriteWarning: Module already imported so cannot be rewritten; anyio
    self._mark_plugins_for_rewrite(hook, disable_autoload)

-- Docs: https://docs.pytest.org/en/stable/how-to/capture-warnings.html
======================== 5 passed, 1 warning in 13.35s =========================
LOCAL_RESOURCE wall_seconds=209.69 max_rss_bytes=1592147968 user_seconds=23.84 sys_seconds=3.63
